                                      1 ;--------------------------------------------------------
                                      2 ; File Created by SDCC : free open source ISO C Compiler 
                                      3 ; Version 4.4.0 #14620 (Linux)
                                      4 ;--------------------------------------------------------
                                      5 	.module stm8s_flash_Unlock
                                      6 	.optsdcc -mstm8
                                      7 	
                                      8 ;--------------------------------------------------------
                                      9 ; Public variables in this module
                                     10 ;--------------------------------------------------------
                                     11 	.globl _assert_failed
                                     12 	.globl _FLASH_Unlock
                                     13 ;--------------------------------------------------------
                                     14 ; ram data
                                     15 ;--------------------------------------------------------
                                     16 	.area DATA
                                     17 ;--------------------------------------------------------
                                     18 ; ram data
                                     19 ;--------------------------------------------------------
                                     20 	.area INITIALIZED
                                     21 ;--------------------------------------------------------
                                     22 ; absolute external ram data
                                     23 ;--------------------------------------------------------
                                     24 	.area DABS (ABS)
                                     25 
                                     26 ; default segment ordering for linker
                                     27 	.area HOME
                                     28 	.area GSINIT
                                     29 	.area GSFINAL
                                     30 	.area CONST
                                     31 	.area INITIALIZER
                                     32 	.area CODE
                                     33 
                                     34 ;--------------------------------------------------------
                                     35 ; global & static initialisations
                                     36 ;--------------------------------------------------------
                                     37 	.area HOME
                                     38 	.area GSINIT
                                     39 	.area GSFINAL
                                     40 	.area GSINIT
                                     41 ;--------------------------------------------------------
                                     42 ; Home
                                     43 ;--------------------------------------------------------
                                     44 	.area HOME
                                     45 	.area HOME
                                     46 ;--------------------------------------------------------
                                     47 ; code
                                     48 ;--------------------------------------------------------
                                     49 	.area CODE
                                     50 ;	../STM8S_StdPeriph_Driver/src/stm8s_flash_Unlock.c: 48: void FLASH_Unlock(FLASH_MemType_TypeDef FLASH_MemType)
                                     51 ;	-----------------------------------------
                                     52 ;	 function FLASH_Unlock
                                     53 ;	-----------------------------------------
      000000                         54 _FLASH_Unlock:
                                     55 ;	../STM8S_StdPeriph_Driver/src/stm8s_flash_Unlock.c: 51: assert_param(IS_MEMORY_TYPE_OK(FLASH_MemType));
      000000 97               [ 1]   56 	ld	xl, a
      000001 A0 FD            [ 1]   57 	sub	a, #0xfd
      000003 26 02            [ 1]   58 	jrne	00133$
      000005 4C               [ 1]   59 	inc	a
      000006 21                      60 	.byte 0x21
      000007                         61 00133$:
      000007 4F               [ 1]   62 	clr	a
      000008                         63 00134$:
      000008 4D               [ 1]   64 	tnz	a
      000009 26 15            [ 1]   65 	jrne	00107$
      00000B 88               [ 1]   66 	push	a
      00000C 9F               [ 1]   67 	ld	a, xl
      00000D A1 F7            [ 1]   68 	cp	a, #0xf7
      00000F 84               [ 1]   69 	pop	a
      000010 27 0E            [ 1]   70 	jreq	00107$
      000012 88               [ 1]   71 	push	a
      000013 4B 33            [ 1]   72 	push	#0x33
      000015 5F               [ 1]   73 	clrw	x
      000016 89               [ 2]   74 	pushw	x
      000017 4B 00            [ 1]   75 	push	#0x00
      000019 AEr00r00         [ 2]   76 	ldw	x, #(___str_0+0)
      00001C CDr00r00         [ 4]   77 	call	_assert_failed
      00001F 84               [ 1]   78 	pop	a
      000020                         79 00107$:
                                     80 ;	../STM8S_StdPeriph_Driver/src/stm8s_flash_Unlock.c: 54: if(FLASH_MemType == FLASH_MEMTYPE_PROG)
      000020 4D               [ 1]   81 	tnz	a
      000021 27 09            [ 1]   82 	jreq	00102$
                                     83 ;	../STM8S_StdPeriph_Driver/src/stm8s_flash_Unlock.c: 56: FLASH->PUKR = FLASH_RASS_KEY1;
      000023 35 56 50 62      [ 1]   84 	mov	0x5062+0, #0x56
                                     85 ;	../STM8S_StdPeriph_Driver/src/stm8s_flash_Unlock.c: 57: FLASH->PUKR = FLASH_RASS_KEY2;
      000027 35 AE 50 62      [ 1]   86 	mov	0x5062+0, #0xae
      00002B 81               [ 4]   87 	ret
      00002C                         88 00102$:
                                     89 ;	../STM8S_StdPeriph_Driver/src/stm8s_flash_Unlock.c: 62: FLASH->DUKR = FLASH_RASS_KEY2; /* Warning: keys are reversed on data memory !!! */
      00002C 35 AE 50 64      [ 1]   90 	mov	0x5064+0, #0xae
                                     91 ;	../STM8S_StdPeriph_Driver/src/stm8s_flash_Unlock.c: 63: FLASH->DUKR = FLASH_RASS_KEY1;
      000030 35 56 50 64      [ 1]   92 	mov	0x5064+0, #0x56
                                     93 ;	../STM8S_StdPeriph_Driver/src/stm8s_flash_Unlock.c: 65: }
      000034 81               [ 4]   94 	ret
                                     95 	.area CODE
                                     96 	.area CONST
                                     97 	.area CONST
      000000                         98 ___str_0:
      000000 2E 2E 2F 53 54 4D 38    99 	.ascii "../STM8S_StdPeriph_Driver/src/stm8s_flash_Unlock.c"
             53 5F 53 74 64 50 65
             72 69 70 68 5F 44 72
             69 76 65 72 2F 73 72
             63 2F 73 74 6D 38 73
             5F 66 6C 61 73 68 5F
             55 6E 6C 6F 63 6B 2E
             63
      000032 00                     100 	.db 0x00
                                    101 	.area CODE
                                    102 	.area INITIALIZER
                                    103 	.area CABS (ABS)
