                                      1 ;--------------------------------------------------------
                                      2 ; File Created by SDCC : free open source ISO C Compiler 
                                      3 ; Version 4.4.0 #14620 (Linux)
                                      4 ;--------------------------------------------------------
                                      5 	.module stm8s_tim3_OC2PreloadConfig
                                      6 	.optsdcc -mstm8
                                      7 	
                                      8 ;--------------------------------------------------------
                                      9 ; Public variables in this module
                                     10 ;--------------------------------------------------------
                                     11 	.globl _assert_failed
                                     12 	.globl _TIM3_OC2PreloadConfig
                                     13 ;--------------------------------------------------------
                                     14 ; ram data
                                     15 ;--------------------------------------------------------
                                     16 	.area DATA
                                     17 ;--------------------------------------------------------
                                     18 ; ram data
                                     19 ;--------------------------------------------------------
                                     20 	.area INITIALIZED
                                     21 ;--------------------------------------------------------
                                     22 ; absolute external ram data
                                     23 ;--------------------------------------------------------
                                     24 	.area DABS (ABS)
                                     25 
                                     26 ; default segment ordering for linker
                                     27 	.area HOME
                                     28 	.area GSINIT
                                     29 	.area GSFINAL
                                     30 	.area CONST
                                     31 	.area INITIALIZER
                                     32 	.area CODE
                                     33 
                                     34 ;--------------------------------------------------------
                                     35 ; global & static initialisations
                                     36 ;--------------------------------------------------------
                                     37 	.area HOME
                                     38 	.area GSINIT
                                     39 	.area GSFINAL
                                     40 	.area GSINIT
                                     41 ;--------------------------------------------------------
                                     42 ; Home
                                     43 ;--------------------------------------------------------
                                     44 	.area HOME
                                     45 	.area HOME
                                     46 ;--------------------------------------------------------
                                     47 ; code
                                     48 ;--------------------------------------------------------
                                     49 	.area CODE
                                     50 ;	../STM8S_StdPeriph_Driver/src/stm8s_tim3_OC2PreloadConfig.c: 48: void TIM3_OC2PreloadConfig(FunctionalState NewState)
                                     51 ;	-----------------------------------------
                                     52 ;	 function TIM3_OC2PreloadConfig
                                     53 ;	-----------------------------------------
      000000                         54 _TIM3_OC2PreloadConfig:
      000000 88               [ 1]   55 	push	a
                                     56 ;	../STM8S_StdPeriph_Driver/src/stm8s_tim3_OC2PreloadConfig.c: 51: assert_param(IS_FUNCTIONALSTATE_OK(NewState));
      000001 6B 01            [ 1]   57 	ld	(0x01, sp), a
      000003 27 10            [ 1]   58 	jreq	00107$
      000005 0D 01            [ 1]   59 	tnz	(0x01, sp)
      000007 26 0C            [ 1]   60 	jrne	00107$
      000009 4B 33            [ 1]   61 	push	#0x33
      00000B 5F               [ 1]   62 	clrw	x
      00000C 89               [ 2]   63 	pushw	x
      00000D 4B 00            [ 1]   64 	push	#0x00
      00000F AEr00r00         [ 2]   65 	ldw	x, #(___str_0+0)
      000012 CDr00r00         [ 4]   66 	call	_assert_failed
      000015                         67 00107$:
                                     68 ;	../STM8S_StdPeriph_Driver/src/stm8s_tim3_OC2PreloadConfig.c: 56: TIM3->CCMR2 |= TIM3_CCMR_OCxPE;
      000015 C6 53 26         [ 1]   69 	ld	a, 0x5326
                                     70 ;	../STM8S_StdPeriph_Driver/src/stm8s_tim3_OC2PreloadConfig.c: 54: if (NewState != DISABLE)
      000018 0D 01            [ 1]   71 	tnz	(0x01, sp)
      00001A 27 07            [ 1]   72 	jreq	00102$
                                     73 ;	../STM8S_StdPeriph_Driver/src/stm8s_tim3_OC2PreloadConfig.c: 56: TIM3->CCMR2 |= TIM3_CCMR_OCxPE;
      00001C AA 08            [ 1]   74 	or	a, #0x08
      00001E C7 53 26         [ 1]   75 	ld	0x5326, a
      000021 20 05            [ 2]   76 	jra	00104$
      000023                         77 00102$:
                                     78 ;	../STM8S_StdPeriph_Driver/src/stm8s_tim3_OC2PreloadConfig.c: 60: TIM3->CCMR2 &= (uint8_t)(~TIM3_CCMR_OCxPE);
      000023 A4 F7            [ 1]   79 	and	a, #0xf7
      000025 C7 53 26         [ 1]   80 	ld	0x5326, a
      000028                         81 00104$:
                                     82 ;	../STM8S_StdPeriph_Driver/src/stm8s_tim3_OC2PreloadConfig.c: 62: }
      000028 84               [ 1]   83 	pop	a
      000029 81               [ 4]   84 	ret
                                     85 	.area CODE
                                     86 	.area CONST
                                     87 	.area CONST
      000000                         88 ___str_0:
      000000 2E 2E 2F 53 54 4D 38    89 	.ascii "../STM8S_StdPeriph_Driver/src/stm8s_tim3_OC2PreloadConfig.c"
             53 5F 53 74 64 50 65
             72 69 70 68 5F 44 72
             69 76 65 72 2F 73 72
             63 2F 73 74 6D 38 73
             5F 74 69 6D 33 5F 4F
             43 32 50 72 65 6C 6F
             61 64 43 6F 6E 66 69
             67 2E 63
      00003B 00                      90 	.db 0x00
                                     91 	.area CODE
                                     92 	.area INITIALIZER
                                     93 	.area CABS (ABS)
