                                      1 ;--------------------------------------------------------
                                      2 ; File Created by SDCC : free open source ISO C Compiler 
                                      3 ; Version 4.4.0 #14620 (Linux)
                                      4 ;--------------------------------------------------------
                                      5 	.module stm8s_flash_EraseByte
                                      6 	.optsdcc -mstm8
                                      7 	
                                      8 ;--------------------------------------------------------
                                      9 ; Public variables in this module
                                     10 ;--------------------------------------------------------
                                     11 	.globl _assert_failed
                                     12 	.globl _FLASH_EraseByte
                                     13 ;--------------------------------------------------------
                                     14 ; ram data
                                     15 ;--------------------------------------------------------
                                     16 	.area DATA
                                     17 ;--------------------------------------------------------
                                     18 ; ram data
                                     19 ;--------------------------------------------------------
                                     20 	.area INITIALIZED
                                     21 ;--------------------------------------------------------
                                     22 ; absolute external ram data
                                     23 ;--------------------------------------------------------
                                     24 	.area DABS (ABS)
                                     25 
                                     26 ; default segment ordering for linker
                                     27 	.area HOME
                                     28 	.area GSINIT
                                     29 	.area GSFINAL
                                     30 	.area CONST
                                     31 	.area INITIALIZER
                                     32 	.area CODE
                                     33 
                                     34 ;--------------------------------------------------------
                                     35 ; global & static initialisations
                                     36 ;--------------------------------------------------------
                                     37 	.area HOME
                                     38 	.area GSINIT
                                     39 	.area GSFINAL
                                     40 	.area GSINIT
                                     41 ;--------------------------------------------------------
                                     42 ; Home
                                     43 ;--------------------------------------------------------
                                     44 	.area HOME
                                     45 	.area HOME
                                     46 ;--------------------------------------------------------
                                     47 ; code
                                     48 ;--------------------------------------------------------
                                     49 	.area CODE
                                     50 ;	../STM8S_StdPeriph_Driver/src/stm8s_flash_EraseByte.c: 49: void FLASH_EraseByte(uint32_t Address)
                                     51 ;	-----------------------------------------
                                     52 ;	 function FLASH_EraseByte
                                     53 ;	-----------------------------------------
      000000                         54 _FLASH_EraseByte:
                                     55 ;	../STM8S_StdPeriph_Driver/src/stm8s_flash_EraseByte.c: 52: assert_param(IS_FLASH_ADDRESS_OK(Address));
      000000 1E 05            [ 2]   56 	ldw	x, (0x05, sp)
      000002 A3 80 00         [ 2]   57 	cpw	x, #0x8000
      000005 7B 04            [ 1]   58 	ld	a, (0x04, sp)
      000007 A2 00            [ 1]   59 	sbc	a, #0x00
      000009 7B 03            [ 1]   60 	ld	a, (0x03, sp)
      00000B A2 00            [ 1]   61 	sbc	a, #0x00
      00000D 25 04            [ 1]   62 	jrc	00110$
      00000F 1E 03            [ 2]   63 	ldw	x, (0x03, sp)
      000011 27 28            [ 1]   64 	jreq	00104$
      000013                         65 00110$:
      000013 1E 05            [ 2]   66 	ldw	x, (0x05, sp)
      000015 A3 40 00         [ 2]   67 	cpw	x, #0x4000
      000018 7B 04            [ 1]   68 	ld	a, (0x04, sp)
      00001A A2 00            [ 1]   69 	sbc	a, #0x00
      00001C 7B 03            [ 1]   70 	ld	a, (0x03, sp)
      00001E A2 00            [ 1]   71 	sbc	a, #0x00
      000020 25 0D            [ 1]   72 	jrc	00103$
      000022 AE 43 FF         [ 2]   73 	ldw	x, #0x43ff
      000025 13 05            [ 2]   74 	cpw	x, (0x05, sp)
      000027 4F               [ 1]   75 	clr	a
      000028 12 04            [ 1]   76 	sbc	a, (0x04, sp)
      00002A 4F               [ 1]   77 	clr	a
      00002B 12 03            [ 1]   78 	sbc	a, (0x03, sp)
      00002D 24 0C            [ 1]   79 	jrnc	00104$
      00002F                         80 00103$:
      00002F 4B 34            [ 1]   81 	push	#0x34
      000031 5F               [ 1]   82 	clrw	x
      000032 89               [ 2]   83 	pushw	x
      000033 4B 00            [ 1]   84 	push	#0x00
      000035 AEr00r00         [ 2]   85 	ldw	x, #(___str_0+0)
      000038 CDr00r00         [ 4]   86 	call	_assert_failed
      00003B                         87 00104$:
                                     88 ;	../STM8S_StdPeriph_Driver/src/stm8s_flash_EraseByte.c: 57: *(PointerAttr uint8_t*) (MemoryAddressCast)Address = FLASH_CLEAR_BYTE;
      00003B 1E 05            [ 2]   89 	ldw	x, (0x05, sp)
      00003D 7F               [ 1]   90 	clr	(x)
                                     91 ;	../STM8S_StdPeriph_Driver/src/stm8s_flash_EraseByte.c: 61: }
      00003E 1E 01            [ 2]   92 	ldw	x, (1, sp)
      000040 5B 06            [ 2]   93 	addw	sp, #6
      000042 FC               [ 2]   94 	jp	(x)
                                     95 	.area CODE
                                     96 	.area CONST
                                     97 	.area CONST
      000000                         98 ___str_0:
      000000 2E 2E 2F 53 54 4D 38    99 	.ascii "../STM8S_StdPeriph_Driver/src/stm8s_flash_EraseByte.c"
             53 5F 53 74 64 50 65
             72 69 70 68 5F 44 72
             69 76 65 72 2F 73 72
             63 2F 73 74 6D 38 73
             5F 66 6C 61 73 68 5F
             45 72 61 73 65 42 79
             74 65 2E 63
      000035 00                     100 	.db 0x00
                                    101 	.area CODE
                                    102 	.area INITIALIZER
                                    103 	.area CABS (ABS)
