                                      1 ;--------------------------------------------------------
                                      2 ; File Created by SDCC : free open source ISO C Compiler 
                                      3 ; Version 4.4.0 #14620 (Linux)
                                      4 ;--------------------------------------------------------
                                      5 	.module stm8s_tim3_private
                                      6 	.optsdcc -mstm8
                                      7 	
                                      8 ;--------------------------------------------------------
                                      9 ; Public variables in this module
                                     10 ;--------------------------------------------------------
                                     11 	.globl _TIM3_TI1_Config
                                     12 	.globl _TIM3_TI2_Config
                                     13 ;--------------------------------------------------------
                                     14 ; ram data
                                     15 ;--------------------------------------------------------
                                     16 	.area DATA
                                     17 ;--------------------------------------------------------
                                     18 ; ram data
                                     19 ;--------------------------------------------------------
                                     20 	.area INITIALIZED
                                     21 ;--------------------------------------------------------
                                     22 ; absolute external ram data
                                     23 ;--------------------------------------------------------
                                     24 	.area DABS (ABS)
                                     25 
                                     26 ; default segment ordering for linker
                                     27 	.area HOME
                                     28 	.area GSINIT
                                     29 	.area GSFINAL
                                     30 	.area CONST
                                     31 	.area INITIALIZER
                                     32 	.area CODE
                                     33 
                                     34 ;--------------------------------------------------------
                                     35 ; global & static initialisations
                                     36 ;--------------------------------------------------------
                                     37 	.area HOME
                                     38 	.area GSINIT
                                     39 	.area GSFINAL
                                     40 	.area GSINIT
                                     41 ;--------------------------------------------------------
                                     42 ; Home
                                     43 ;--------------------------------------------------------
                                     44 	.area HOME
                                     45 	.area HOME
                                     46 ;--------------------------------------------------------
                                     47 ; code
                                     48 ;--------------------------------------------------------
                                     49 	.area CODE
                                     50 ;	../STM8S_StdPeriph_Driver/src/stm8s_tim3_private.c: 58: void TIM3_TI1_Config(uint8_t TIM3_ICPolarity,
                                     51 ;	-----------------------------------------
                                     52 ;	 function TIM3_TI1_Config
                                     53 ;	-----------------------------------------
      000000                         54 _TIM3_TI1_Config:
      000000 89               [ 2]   55 	pushw	x
      000001 6B 02            [ 1]   56 	ld	(0x02, sp), a
                                     57 ;	../STM8S_StdPeriph_Driver/src/stm8s_tim3_private.c: 63: TIM3->CCER1 &= (uint8_t)(~TIM3_CCER1_CC1E);
      000003 72 11 53 27      [ 1]   58 	bres	0x5327, #0
                                     59 ;	../STM8S_StdPeriph_Driver/src/stm8s_tim3_private.c: 66: TIM3->CCMR1 = (uint8_t)((uint8_t)(TIM3->CCMR1 & (uint8_t)(~( TIM3_CCMR_CCxS | TIM3_CCMR_ICxF))) | (uint8_t)(( (TIM3_ICSelection)) | ((uint8_t)( TIM3_ICFilter << 4))));
      000007 C6 53 25         [ 1]   60 	ld	a, 0x5325
      00000A A4 0C            [ 1]   61 	and	a, #0x0c
      00000C 6B 01            [ 1]   62 	ld	(0x01, sp), a
      00000E 7B 06            [ 1]   63 	ld	a, (0x06, sp)
      000010 4E               [ 1]   64 	swap	a
      000011 A4 F0            [ 1]   65 	and	a, #0xf0
      000013 1A 05            [ 1]   66 	or	a, (0x05, sp)
      000015 1A 01            [ 1]   67 	or	a, (0x01, sp)
      000017 C7 53 25         [ 1]   68 	ld	0x5325, a
                                     69 ;	../STM8S_StdPeriph_Driver/src/stm8s_tim3_private.c: 63: TIM3->CCER1 &= (uint8_t)(~TIM3_CCER1_CC1E);
      00001A C6 53 27         [ 1]   70 	ld	a, 0x5327
                                     71 ;	../STM8S_StdPeriph_Driver/src/stm8s_tim3_private.c: 69: if (TIM3_ICPolarity != TIM3_ICPOLARITY_RISING)
      00001D 0D 02            [ 1]   72 	tnz	(0x02, sp)
      00001F 27 07            [ 1]   73 	jreq	00102$
                                     74 ;	../STM8S_StdPeriph_Driver/src/stm8s_tim3_private.c: 71: TIM3->CCER1 |= TIM3_CCER1_CC1P;
      000021 AA 02            [ 1]   75 	or	a, #0x02
      000023 C7 53 27         [ 1]   76 	ld	0x5327, a
      000026 20 05            [ 2]   77 	jra	00103$
      000028                         78 00102$:
                                     79 ;	../STM8S_StdPeriph_Driver/src/stm8s_tim3_private.c: 75: TIM3->CCER1 &= (uint8_t)(~TIM3_CCER1_CC1P);
      000028 A4 FD            [ 1]   80 	and	a, #0xfd
      00002A C7 53 27         [ 1]   81 	ld	0x5327, a
      00002D                         82 00103$:
                                     83 ;	../STM8S_StdPeriph_Driver/src/stm8s_tim3_private.c: 78: TIM3->CCER1 |= TIM3_CCER1_CC1E;
      00002D C6 53 27         [ 1]   84 	ld	a, 0x5327
      000030 AA 01            [ 1]   85 	or	a, #0x01
      000032 C7 53 27         [ 1]   86 	ld	0x5327, a
                                     87 ;	../STM8S_StdPeriph_Driver/src/stm8s_tim3_private.c: 79: }
      000035 1E 03            [ 2]   88 	ldw	x, (3, sp)
      000037 5B 06            [ 2]   89 	addw	sp, #6
      000039 FC               [ 2]   90 	jp	(x)
                                     91 ;	../STM8S_StdPeriph_Driver/src/stm8s_tim3_private.c: 97: void TIM3_TI2_Config(uint8_t TIM3_ICPolarity,
                                     92 ;	-----------------------------------------
                                     93 ;	 function TIM3_TI2_Config
                                     94 ;	-----------------------------------------
      00003A                         95 _TIM3_TI2_Config:
      00003A 89               [ 2]   96 	pushw	x
      00003B 6B 02            [ 1]   97 	ld	(0x02, sp), a
                                     98 ;	../STM8S_StdPeriph_Driver/src/stm8s_tim3_private.c: 102: TIM3->CCER1 &=  (uint8_t)(~TIM3_CCER1_CC2E);
      00003D 72 19 53 27      [ 1]   99 	bres	0x5327, #4
                                    100 ;	../STM8S_StdPeriph_Driver/src/stm8s_tim3_private.c: 105: TIM3->CCMR2 = (uint8_t)((uint8_t)(TIM3->CCMR2 & (uint8_t)(~( TIM3_CCMR_CCxS |
      000041 C6 53 26         [ 1]  101 	ld	a, 0x5326
      000044 A4 0C            [ 1]  102 	and	a, #0x0c
      000046 6B 01            [ 1]  103 	ld	(0x01, sp), a
                                    104 ;	../STM8S_StdPeriph_Driver/src/stm8s_tim3_private.c: 107: ((uint8_t)( TIM3_ICFilter << 4))));
      000048 7B 06            [ 1]  105 	ld	a, (0x06, sp)
      00004A 4E               [ 1]  106 	swap	a
      00004B A4 F0            [ 1]  107 	and	a, #0xf0
      00004D 1A 05            [ 1]  108 	or	a, (0x05, sp)
      00004F 1A 01            [ 1]  109 	or	a, (0x01, sp)
      000051 C7 53 26         [ 1]  110 	ld	0x5326, a
                                    111 ;	../STM8S_StdPeriph_Driver/src/stm8s_tim3_private.c: 102: TIM3->CCER1 &=  (uint8_t)(~TIM3_CCER1_CC2E);
      000054 C6 53 27         [ 1]  112 	ld	a, 0x5327
                                    113 ;	../STM8S_StdPeriph_Driver/src/stm8s_tim3_private.c: 110: if (TIM3_ICPolarity != TIM3_ICPOLARITY_RISING)
      000057 0D 02            [ 1]  114 	tnz	(0x02, sp)
      000059 27 07            [ 1]  115 	jreq	00102$
                                    116 ;	../STM8S_StdPeriph_Driver/src/stm8s_tim3_private.c: 112: TIM3->CCER1 |= TIM3_CCER1_CC2P;
      00005B AA 20            [ 1]  117 	or	a, #0x20
      00005D C7 53 27         [ 1]  118 	ld	0x5327, a
      000060 20 05            [ 2]  119 	jra	00103$
      000062                        120 00102$:
                                    121 ;	../STM8S_StdPeriph_Driver/src/stm8s_tim3_private.c: 116: TIM3->CCER1 &= (uint8_t)(~TIM3_CCER1_CC2P);
      000062 A4 DF            [ 1]  122 	and	a, #0xdf
      000064 C7 53 27         [ 1]  123 	ld	0x5327, a
      000067                        124 00103$:
                                    125 ;	../STM8S_StdPeriph_Driver/src/stm8s_tim3_private.c: 120: TIM3->CCER1 |= TIM3_CCER1_CC2E;
      000067 C6 53 27         [ 1]  126 	ld	a, 0x5327
      00006A AA 10            [ 1]  127 	or	a, #0x10
      00006C C7 53 27         [ 1]  128 	ld	0x5327, a
                                    129 ;	../STM8S_StdPeriph_Driver/src/stm8s_tim3_private.c: 121: }
      00006F 1E 03            [ 2]  130 	ldw	x, (3, sp)
      000071 5B 06            [ 2]  131 	addw	sp, #6
      000073 FC               [ 2]  132 	jp	(x)
                                    133 	.area CODE
                                    134 	.area CONST
                                    135 	.area INITIALIZER
                                    136 	.area CABS (ABS)
