                                      1 ;--------------------------------------------------------
                                      2 ; File Created by SDCC : free open source ISO C Compiler 
                                      3 ; Version 4.4.0 #14620 (Linux)
                                      4 ;--------------------------------------------------------
                                      5 	.module stm8s_spi_ClearITPendingBit
                                      6 	.optsdcc -mstm8
                                      7 	
                                      8 ;--------------------------------------------------------
                                      9 ; Public variables in this module
                                     10 ;--------------------------------------------------------
                                     11 	.globl _assert_failed
                                     12 	.globl _SPI_ClearITPendingBit
                                     13 ;--------------------------------------------------------
                                     14 ; ram data
                                     15 ;--------------------------------------------------------
                                     16 	.area DATA
                                     17 ;--------------------------------------------------------
                                     18 ; ram data
                                     19 ;--------------------------------------------------------
                                     20 	.area INITIALIZED
                                     21 ;--------------------------------------------------------
                                     22 ; absolute external ram data
                                     23 ;--------------------------------------------------------
                                     24 	.area DABS (ABS)
                                     25 
                                     26 ; default segment ordering for linker
                                     27 	.area HOME
                                     28 	.area GSINIT
                                     29 	.area GSFINAL
                                     30 	.area CONST
                                     31 	.area INITIALIZER
                                     32 	.area CODE
                                     33 
                                     34 ;--------------------------------------------------------
                                     35 ; global & static initialisations
                                     36 ;--------------------------------------------------------
                                     37 	.area HOME
                                     38 	.area GSINIT
                                     39 	.area GSFINAL
                                     40 	.area GSINIT
                                     41 ;--------------------------------------------------------
                                     42 ; Home
                                     43 ;--------------------------------------------------------
                                     44 	.area HOME
                                     45 	.area HOME
                                     46 ;--------------------------------------------------------
                                     47 ; code
                                     48 ;--------------------------------------------------------
                                     49 	.area CODE
                                     50 ;	../STM8S_StdPeriph_Driver/src/stm8s_spi_ClearITPendingBit.c: 55: void SPI_ClearITPendingBit(SPI_IT_TypeDef SPI_IT)
                                     51 ;	-----------------------------------------
                                     52 ;	 function SPI_ClearITPendingBit
                                     53 ;	-----------------------------------------
      000000                         54 _SPI_ClearITPendingBit:
                                     55 ;	../STM8S_StdPeriph_Driver/src/stm8s_spi_ClearITPendingBit.c: 58: assert_param(IS_SPI_CLEAR_IT_OK(SPI_IT));
      000000 A1 45            [ 1]   56 	cp	a, #0x45
      000002 27 12            [ 1]   57 	jreq	00104$
      000004 A1 34            [ 1]   58 	cp	a, #0x34
      000006 27 0E            [ 1]   59 	jreq	00104$
      000008 88               [ 1]   60 	push	a
      000009 4B 3A            [ 1]   61 	push	#0x3a
      00000B 5F               [ 1]   62 	clrw	x
      00000C 89               [ 2]   63 	pushw	x
      00000D 4B 00            [ 1]   64 	push	#0x00
      00000F AEr00r00         [ 2]   65 	ldw	x, #(___str_0+0)
      000012 CDr00r00         [ 4]   66 	call	_assert_failed
      000015 84               [ 1]   67 	pop	a
      000016                         68 00104$:
                                     69 ;	../STM8S_StdPeriph_Driver/src/stm8s_spi_ClearITPendingBit.c: 63: itpos = (uint8_t)((uint8_t)1 << (uint8_t)((uint8_t)(SPI_IT & (uint8_t)0xF0) >> 4));
      000016 A4 F0            [ 1]   70 	and	a, #0xf0
      000018 4E               [ 1]   71 	swap	a
      000019 A4 0F            [ 1]   72 	and	a, #0x0f
      00001B 97               [ 1]   73 	ld	xl, a
      00001C A6 01            [ 1]   74 	ld	a, #0x01
      00001E 88               [ 1]   75 	push	a
      00001F 9F               [ 1]   76 	ld	a, xl
      000020 4D               [ 1]   77 	tnz	a
      000021 27 05            [ 1]   78 	jreq	00129$
      000023                         79 00128$:
      000023 08 01            [ 1]   80 	sll	(1, sp)
      000025 4A               [ 1]   81 	dec	a
      000026 26 FB            [ 1]   82 	jrne	00128$
      000028                         83 00129$:
      000028 84               [ 1]   84 	pop	a
                                     85 ;	../STM8S_StdPeriph_Driver/src/stm8s_spi_ClearITPendingBit.c: 65: SPI->SR = (uint8_t)(~itpos);
      000029 43               [ 1]   86 	cpl	a
      00002A C7 52 03         [ 1]   87 	ld	0x5203, a
                                     88 ;	../STM8S_StdPeriph_Driver/src/stm8s_spi_ClearITPendingBit.c: 67: }
      00002D 81               [ 4]   89 	ret
                                     90 	.area CODE
                                     91 	.area CONST
                                     92 	.area CONST
      000000                         93 ___str_0:
      000000 2E 2E 2F 53 54 4D 38    94 	.ascii "../STM8S_StdPeriph_Driver/src/stm8s_spi_ClearITPendingBit.c"
             53 5F 53 74 64 50 65
             72 69 70 68 5F 44 72
             69 76 65 72 2F 73 72
             63 2F 73 74 6D 38 73
             5F 73 70 69 5F 43 6C
             65 61 72 49 54 50 65
             6E 64 69 6E 67 42 69
             74 2E 63
      00003B 00                      95 	.db 0x00
                                     96 	.area CODE
                                     97 	.area INITIALIZER
                                     98 	.area CABS (ABS)
