                                      1 ;--------------------------------------------------------
                                      2 ; File Created by SDCC : free open source ISO C Compiler 
                                      3 ; Version 4.4.0 #14620 (Linux)
                                      4 ;--------------------------------------------------------
                                      5 	.module stm8s_flash_private
                                      6 	.optsdcc -mstm8
                                      7 	
                                      8 ;--------------------------------------------------------
                                      9 ; Public variables in this module
                                     10 ;--------------------------------------------------------
                                     11 	.globl _assert_failed
                                     12 	.globl _FLASH_WaitForLastOperation
                                     13 	.globl _FLASH_EraseBlock
                                     14 	.globl _FLASH_ProgramBlock
                                     15 ;--------------------------------------------------------
                                     16 ; ram data
                                     17 ;--------------------------------------------------------
                                     18 	.area DATA
                                     19 ;--------------------------------------------------------
                                     20 ; ram data
                                     21 ;--------------------------------------------------------
                                     22 	.area INITIALIZED
                                     23 ;--------------------------------------------------------
                                     24 ; absolute external ram data
                                     25 ;--------------------------------------------------------
                                     26 	.area DABS (ABS)
                                     27 
                                     28 ; default segment ordering for linker
                                     29 	.area HOME
                                     30 	.area GSINIT
                                     31 	.area GSFINAL
                                     32 	.area CONST
                                     33 	.area INITIALIZER
                                     34 	.area CODE
                                     35 
                                     36 ;--------------------------------------------------------
                                     37 ; global & static initialisations
                                     38 ;--------------------------------------------------------
                                     39 	.area HOME
                                     40 	.area GSINIT
                                     41 	.area GSFINAL
                                     42 	.area GSINIT
                                     43 ;--------------------------------------------------------
                                     44 ; Home
                                     45 ;--------------------------------------------------------
                                     46 	.area HOME
                                     47 	.area HOME
                                     48 ;--------------------------------------------------------
                                     49 ; code
                                     50 ;--------------------------------------------------------
                                     51 	.area CODE
                                     52 ;	../STM8S_StdPeriph_Driver/src/stm8s_flash_private.c: 120: IN_RAM(FLASH_Status_TypeDef FLASH_WaitForLastOperation(FLASH_MemType_TypeDef FLASH_MemType)) 
                                     53 ;	-----------------------------------------
                                     54 ;	 function FLASH_WaitForLastOperation
                                     55 ;	-----------------------------------------
      000000                         56 _FLASH_WaitForLastOperation:
      000000 97               [ 1]   57 	ld	xl, a
                                     58 ;	../STM8S_StdPeriph_Driver/src/stm8s_flash_private.c: 122: uint8_t flagstatus = 0x00;
      000001 4F               [ 1]   59 	clr	a
                                     60 ;	../STM8S_StdPeriph_Driver/src/stm8s_flash_private.c: 128: if(FLASH_MemType == FLASH_MEMTYPE_PROG)
      000002 88               [ 1]   61 	push	a
      000003 9F               [ 1]   62 	ld	a, xl
      000004 A1 FD            [ 1]   63 	cp	a, #0xfd
      000006 84               [ 1]   64 	pop	a
      000007 26 10            [ 1]   65 	jrne	00121$
                                     66 ;	../STM8S_StdPeriph_Driver/src/stm8s_flash_private.c: 130: while((flagstatus == 0x00) && (timeout != 0x00))
      000009 5F               [ 1]   67 	clrw	x
      00000A 5A               [ 2]   68 	decw	x
      00000B                         69 00102$:
      00000B 4D               [ 1]   70 	tnz	a
      00000C 26 1B            [ 1]   71 	jrne	00111$
      00000E 5D               [ 2]   72 	tnzw	x
      00000F 27 18            [ 1]   73 	jreq	00111$
                                     74 ;	../STM8S_StdPeriph_Driver/src/stm8s_flash_private.c: 132: flagstatus = (uint8_t)(FLASH->IAPSR & (uint8_t)(FLASH_IAPSR_EOP |
      000011 C6 50 5F         [ 1]   75 	ld	a, 0x505f
      000014 A4 05            [ 1]   76 	and	a, #0x05
                                     77 ;	../STM8S_StdPeriph_Driver/src/stm8s_flash_private.c: 134: timeout--;
      000016 5A               [ 2]   78 	decw	x
      000017 20 F2            [ 2]   79 	jra	00102$
                                     80 ;	../STM8S_StdPeriph_Driver/src/stm8s_flash_private.c: 139: while((flagstatus == 0x00) && (timeout != 0x00))
      000019                         81 00121$:
      000019 5F               [ 1]   82 	clrw	x
      00001A 5A               [ 2]   83 	decw	x
      00001B                         84 00106$:
      00001B 4D               [ 1]   85 	tnz	a
      00001C 26 0B            [ 1]   86 	jrne	00124$
      00001E 5D               [ 2]   87 	tnzw	x
      00001F 27 08            [ 1]   88 	jreq	00124$
                                     89 ;	../STM8S_StdPeriph_Driver/src/stm8s_flash_private.c: 141: flagstatus = (uint8_t)(FLASH->IAPSR & (uint8_t)(FLASH_IAPSR_HVOFF |
      000021 C6 50 5F         [ 1]   90 	ld	a, 0x505f
      000024 A4 41            [ 1]   91 	and	a, #0x41
                                     92 ;	../STM8S_StdPeriph_Driver/src/stm8s_flash_private.c: 143: timeout--;
      000026 5A               [ 2]   93 	decw	x
      000027 20 F2            [ 2]   94 	jra	00106$
                                     95 ;	../STM8S_StdPeriph_Driver/src/stm8s_flash_private.c: 159: return((FLASH_Status_TypeDef)flagstatus);
                                     96 ;	../STM8S_StdPeriph_Driver/src/stm8s_flash_private.c: 143: timeout--;
      000029                         97 00124$:
      000029                         98 00111$:
                                     99 ;	../STM8S_StdPeriph_Driver/src/stm8s_flash_private.c: 154: if(timeout == 0x00 )
      000029 5D               [ 2]  100 	tnzw	x
      00002A 27 01            [ 1]  101 	jreq	00180$
      00002C 81               [ 4]  102 	ret
      00002D                        103 00180$:
                                    104 ;	../STM8S_StdPeriph_Driver/src/stm8s_flash_private.c: 156: flagstatus = FLASH_STATUS_TIMEOUT;
      00002D A6 02            [ 1]  105 	ld	a, #0x02
                                    106 ;	../STM8S_StdPeriph_Driver/src/stm8s_flash_private.c: 159: return((FLASH_Status_TypeDef)flagstatus);
                                    107 ;	../STM8S_StdPeriph_Driver/src/stm8s_flash_private.c: 160: }
      00002F 81               [ 4]  108 	ret
                                    109 ;	../STM8S_StdPeriph_Driver/src/stm8s_flash_private.c: 169: IN_RAM(void FLASH_EraseBlock(uint16_t BlockNum, FLASH_MemType_TypeDef FLASH_MemType))
                                    110 ;	-----------------------------------------
                                    111 ;	 function FLASH_EraseBlock
                                    112 ;	-----------------------------------------
      000030                        113 _FLASH_EraseBlock:
      000030 52 04            [ 2]  114 	sub	sp, #4
      000032 1F 03            [ 2]  115 	ldw	(0x03, sp), x
                                    116 ;	../STM8S_StdPeriph_Driver/src/stm8s_flash_private.c: 181: assert_param(IS_MEMORY_TYPE_OK(FLASH_MemType));
      000034 97               [ 1]  117 	ld	xl, a
      000035 A0 FD            [ 1]  118 	sub	a, #0xfd
      000037 26 02            [ 1]  119 	jrne	00151$
      000039 4C               [ 1]  120 	inc	a
      00003A 21                     121 	.byte 0x21
      00003B                        122 00151$:
      00003B 4F               [ 1]  123 	clr	a
      00003C                        124 00152$:
      00003C 4D               [ 1]  125 	tnz	a
      00003D 26 15            [ 1]  126 	jrne	00107$
      00003F 88               [ 1]  127 	push	a
      000040 9F               [ 1]  128 	ld	a, xl
      000041 A1 F7            [ 1]  129 	cp	a, #0xf7
      000043 84               [ 1]  130 	pop	a
      000044 27 0E            [ 1]  131 	jreq	00107$
      000046 88               [ 1]  132 	push	a
      000047 4B B5            [ 1]  133 	push	#0xb5
      000049 5F               [ 1]  134 	clrw	x
      00004A 89               [ 2]  135 	pushw	x
      00004B 4B 00            [ 1]  136 	push	#0x00
      00004D AEr00r00         [ 2]  137 	ldw	x, #(___str_0+0)
      000050 CDr00r00         [ 4]  138 	call	_assert_failed
      000053 84               [ 1]  139 	pop	a
      000054                        140 00107$:
                                    141 ;	../STM8S_StdPeriph_Driver/src/stm8s_flash_private.c: 182: if(FLASH_MemType == FLASH_MEMTYPE_PROG)
      000054 4D               [ 1]  142 	tnz	a
      000055 27 19            [ 1]  143 	jreq	00102$
                                    144 ;	../STM8S_StdPeriph_Driver/src/stm8s_flash_private.c: 184: assert_param(IS_FLASH_PROG_BLOCK_NUMBER_OK(BlockNum));
      000057 1E 03            [ 2]  145 	ldw	x, (0x03, sp)
      000059 A3 01 00         [ 2]  146 	cpw	x, #0x0100
      00005C 25 0C            [ 1]  147 	jrc	00112$
      00005E 4B B8            [ 1]  148 	push	#0xb8
      000060 5F               [ 1]  149 	clrw	x
      000061 89               [ 2]  150 	pushw	x
      000062 4B 00            [ 1]  151 	push	#0x00
      000064 AEr00r00         [ 2]  152 	ldw	x, #(___str_0+0)
      000067 CDr00r00         [ 4]  153 	call	_assert_failed
      00006A                        154 00112$:
                                    155 ;	../STM8S_StdPeriph_Driver/src/stm8s_flash_private.c: 185: startaddress = FLASH_PROG_START_PHYSICAL_ADDRESS;
      00006A 90 AE 80 00      [ 2]  156 	ldw	y, #0x8000
      00006E 20 17            [ 2]  157 	jra	00103$
      000070                        158 00102$:
                                    159 ;	../STM8S_StdPeriph_Driver/src/stm8s_flash_private.c: 189: assert_param(IS_FLASH_DATA_BLOCK_NUMBER_OK(BlockNum));
      000070 1E 03            [ 2]  160 	ldw	x, (0x03, sp)
      000072 A3 00 08         [ 2]  161 	cpw	x, #0x0008
      000075 25 0C            [ 1]  162 	jrc	00114$
      000077 4B BD            [ 1]  163 	push	#0xbd
      000079 5F               [ 1]  164 	clrw	x
      00007A 89               [ 2]  165 	pushw	x
      00007B 4B 00            [ 1]  166 	push	#0x00
      00007D AEr00r00         [ 2]  167 	ldw	x, #(___str_0+0)
      000080 CDr00r00         [ 4]  168 	call	_assert_failed
      000083                        169 00114$:
                                    170 ;	../STM8S_StdPeriph_Driver/src/stm8s_flash_private.c: 190: startaddress = FLASH_DATA_START_PHYSICAL_ADDRESS;
      000083 90 AE 40 00      [ 2]  171 	ldw	y, #0x4000
      000087                        172 00103$:
                                    173 ;	../STM8S_StdPeriph_Driver/src/stm8s_flash_private.c: 198: pwFlash = (PointerAttr uint32_t *)(MemoryAddressCast)(startaddress + ((uint32_t)BlockNum * FLASH_BLOCK_SIZE));
      000087 1E 03            [ 2]  174 	ldw	x, (0x03, sp)
      000089 58               [ 2]  175 	sllw	x
      00008A 58               [ 2]  176 	sllw	x
      00008B 58               [ 2]  177 	sllw	x
      00008C 58               [ 2]  178 	sllw	x
      00008D 58               [ 2]  179 	sllw	x
      00008E 58               [ 2]  180 	sllw	x
      00008F 58               [ 2]  181 	sllw	x
      000090 1F 01            [ 2]  182 	ldw	(0x01, sp), x
      000092 93               [ 1]  183 	ldw	x, y
      000093 72 FB 01         [ 2]  184 	addw	x, (0x01, sp)
                                    185 ;	../STM8S_StdPeriph_Driver/src/stm8s_flash_private.c: 202: FLASH->CR2 |= FLASH_CR2_ERASE;
      000096 72 1A 50 5B      [ 1]  186 	bset	0x505b, #5
                                    187 ;	../STM8S_StdPeriph_Driver/src/stm8s_flash_private.c: 203: FLASH->NCR2 &= (uint8_t)(~FLASH_NCR2_NERASE);
      00009A 72 1B 50 5C      [ 1]  188 	bres	0x505c, #5
                                    189 ;	../STM8S_StdPeriph_Driver/src/stm8s_flash_private.c: 207: *pwFlash = (uint32_t)0;
      00009E 90 5F            [ 1]  190 	clrw	y
      0000A0 EF 02            [ 2]  191 	ldw	(0x2, x), y
      0000A2 FF               [ 2]  192 	ldw	(x), y
                                    193 ;	../STM8S_StdPeriph_Driver/src/stm8s_flash_private.c: 215: }
      0000A3 5B 04            [ 2]  194 	addw	sp, #4
      0000A5 81               [ 4]  195 	ret
                                    196 ;	../STM8S_StdPeriph_Driver/src/stm8s_flash_private.c: 226: IN_RAM(void FLASH_ProgramBlock(uint16_t BlockNum, FLASH_MemType_TypeDef FLASH_MemType, 
                                    197 ;	-----------------------------------------
                                    198 ;	 function FLASH_ProgramBlock
                                    199 ;	-----------------------------------------
      0000A6                        200 _FLASH_ProgramBlock:
      0000A6 52 0E            [ 2]  201 	sub	sp, #14
      0000A8 1F 0D            [ 2]  202 	ldw	(0x0d, sp), x
                                    203 ;	../STM8S_StdPeriph_Driver/src/stm8s_flash_private.c: 233: assert_param(IS_MEMORY_TYPE_OK(FLASH_MemType));
      0000AA A1 FD            [ 1]  204 	cp	a, #0xfd
      0000AC 26 07            [ 1]  205 	jrne	00191$
      0000AE 88               [ 1]  206 	push	a
      0000AF A6 01            [ 1]  207 	ld	a, #0x01
      0000B1 6B 0D            [ 1]  208 	ld	(0x0d, sp), a
      0000B3 84               [ 1]  209 	pop	a
      0000B4 C5                     210 	.byte 0xc5
      0000B5                        211 00191$:
      0000B5 0F 0C            [ 1]  212 	clr	(0x0c, sp)
      0000B7                        213 00192$:
      0000B7 0D 0C            [ 1]  214 	tnz	(0x0c, sp)
      0000B9 26 10            [ 1]  215 	jrne	00113$
      0000BB A1 F7            [ 1]  216 	cp	a, #0xf7
      0000BD 27 0C            [ 1]  217 	jreq	00113$
      0000BF 4B E9            [ 1]  218 	push	#0xe9
      0000C1 5F               [ 1]  219 	clrw	x
      0000C2 89               [ 2]  220 	pushw	x
      0000C3 4B 00            [ 1]  221 	push	#0x00
      0000C5 AEr00r00         [ 2]  222 	ldw	x, #(___str_0+0)
      0000C8 CDr00r00         [ 4]  223 	call	_assert_failed
      0000CB                        224 00113$:
                                    225 ;	../STM8S_StdPeriph_Driver/src/stm8s_flash_private.c: 234: assert_param(IS_FLASH_PROGRAM_MODE_OK(FLASH_ProgMode));
      0000CB 0D 11            [ 1]  226 	tnz	(0x11, sp)
      0000CD 27 12            [ 1]  227 	jreq	00118$
      0000CF 7B 11            [ 1]  228 	ld	a, (0x11, sp)
      0000D1 A1 10            [ 1]  229 	cp	a, #0x10
      0000D3 27 0C            [ 1]  230 	jreq	00118$
      0000D5 4B EA            [ 1]  231 	push	#0xea
      0000D7 5F               [ 1]  232 	clrw	x
      0000D8 89               [ 2]  233 	pushw	x
      0000D9 4B 00            [ 1]  234 	push	#0x00
      0000DB AEr00r00         [ 2]  235 	ldw	x, #(___str_0+0)
      0000DE CDr00r00         [ 4]  236 	call	_assert_failed
      0000E1                        237 00118$:
                                    238 ;	../STM8S_StdPeriph_Driver/src/stm8s_flash_private.c: 235: if(FLASH_MemType == FLASH_MEMTYPE_PROG)
      0000E1 7B 0C            [ 1]  239 	ld	a, (0x0c, sp)
      0000E3 27 1A            [ 1]  240 	jreq	00102$
                                    241 ;	../STM8S_StdPeriph_Driver/src/stm8s_flash_private.c: 237: assert_param(IS_FLASH_PROG_BLOCK_NUMBER_OK(BlockNum));
      0000E5 1E 0D            [ 2]  242 	ldw	x, (0x0d, sp)
      0000E7 A3 01 00         [ 2]  243 	cpw	x, #0x0100
      0000EA 25 0C            [ 1]  244 	jrc	00123$
      0000EC 4B ED            [ 1]  245 	push	#0xed
      0000EE 5F               [ 1]  246 	clrw	x
      0000EF 89               [ 2]  247 	pushw	x
      0000F0 4B 00            [ 1]  248 	push	#0x00
      0000F2 AEr00r00         [ 2]  249 	ldw	x, #(___str_0+0)
      0000F5 CDr00r00         [ 4]  250 	call	_assert_failed
      0000F8                        251 00123$:
                                    252 ;	../STM8S_StdPeriph_Driver/src/stm8s_flash_private.c: 238: startaddress = FLASH_PROG_START_PHYSICAL_ADDRESS;
      0000F8 5F               [ 1]  253 	clrw	x
      0000F9 A6 80            [ 1]  254 	ld	a, #0x80
      0000FB 1F 01            [ 2]  255 	ldw	(0x01, sp), x
      0000FD 20 18            [ 2]  256 	jra	00103$
      0000FF                        257 00102$:
                                    258 ;	../STM8S_StdPeriph_Driver/src/stm8s_flash_private.c: 242: assert_param(IS_FLASH_DATA_BLOCK_NUMBER_OK(BlockNum));
      0000FF 1E 0D            [ 2]  259 	ldw	x, (0x0d, sp)
      000101 A3 00 08         [ 2]  260 	cpw	x, #0x0008
      000104 25 0C            [ 1]  261 	jrc	00125$
      000106 4B F2            [ 1]  262 	push	#0xf2
      000108 5F               [ 1]  263 	clrw	x
      000109 89               [ 2]  264 	pushw	x
      00010A 4B 00            [ 1]  265 	push	#0x00
      00010C AEr00r00         [ 2]  266 	ldw	x, #(___str_0+0)
      00010F CDr00r00         [ 4]  267 	call	_assert_failed
      000112                        268 00125$:
                                    269 ;	../STM8S_StdPeriph_Driver/src/stm8s_flash_private.c: 243: startaddress = FLASH_DATA_START_PHYSICAL_ADDRESS;
      000112 5F               [ 1]  270 	clrw	x
      000113 A6 40            [ 1]  271 	ld	a, #0x40
      000115 1F 01            [ 2]  272 	ldw	(0x01, sp), x
      000117                        273 00103$:
                                    274 ;	../STM8S_StdPeriph_Driver/src/stm8s_flash_private.c: 247: startaddress = startaddress + ((uint32_t)BlockNum * FLASH_BLOCK_SIZE);
      000117 16 0D            [ 2]  275 	ldw	y, (0x0d, sp)
      000119 0F 06            [ 1]  276 	clr	(0x06, sp)
      00011B 0F 05            [ 1]  277 	clr	(0x05, sp)
      00011D 88               [ 1]  278 	push	a
      00011E 17 0C            [ 2]  279 	ldw	(0x0c, sp), y
      000120 16 06            [ 2]  280 	ldw	y, (0x06, sp)
      000122 A6 07            [ 1]  281 	ld	a, #0x07
      000124                        282 00204$:
      000124 08 0D            [ 1]  283 	sll	(0x0d, sp)
      000126 09 0C            [ 1]  284 	rlc	(0x0c, sp)
      000128 90 59            [ 2]  285 	rlcw	y
      00012A 4A               [ 1]  286 	dec	a
      00012B 26 F7            [ 1]  287 	jrne	00204$
      00012D 9F               [ 1]  288 	ld	a, xl
      00012E 1B 0D            [ 1]  289 	add	a, (0x0d, sp)
      000130 6B 09            [ 1]  290 	ld	(0x09, sp), a
      000132 84               [ 1]  291 	pop	a
      000133 19 0B            [ 1]  292 	adc	a, (0x0b, sp)
      000135 6B 07            [ 1]  293 	ld	(0x07, sp), a
      000137 90 9F            [ 1]  294 	ld	a, yl
      000139 19 02            [ 1]  295 	adc	a, (0x02, sp)
      00013B 6B 06            [ 1]  296 	ld	(0x06, sp), a
      00013D 90 9E            [ 1]  297 	ld	a, yh
      00013F 19 01            [ 1]  298 	adc	a, (0x01, sp)
      000141 6B 05            [ 1]  299 	ld	(0x05, sp), a
                                    300 ;	../STM8S_StdPeriph_Driver/src/stm8s_flash_private.c: 253: FLASH->CR2 |= FLASH_CR2_PRG;
      000143 C6 50 5B         [ 1]  301 	ld	a, 0x505b
                                    302 ;	../STM8S_StdPeriph_Driver/src/stm8s_flash_private.c: 250: if(FLASH_ProgMode == FLASH_PROGRAMMODE_STANDARD)
      000146 0D 11            [ 1]  303 	tnz	(0x11, sp)
      000148 26 0B            [ 1]  304 	jrne	00105$
                                    305 ;	../STM8S_StdPeriph_Driver/src/stm8s_flash_private.c: 253: FLASH->CR2 |= FLASH_CR2_PRG;
      00014A AA 01            [ 1]  306 	or	a, #0x01
      00014C C7 50 5B         [ 1]  307 	ld	0x505b, a
                                    308 ;	../STM8S_StdPeriph_Driver/src/stm8s_flash_private.c: 254: FLASH->NCR2 &= (uint8_t)(~FLASH_NCR2_NPRG);
      00014F 72 11 50 5C      [ 1]  309 	bres	0x505c, #0
      000153 20 09            [ 2]  310 	jra	00134$
      000155                        311 00105$:
                                    312 ;	../STM8S_StdPeriph_Driver/src/stm8s_flash_private.c: 259: FLASH->CR2 |= FLASH_CR2_FPRG;
      000155 AA 10            [ 1]  313 	or	a, #0x10
      000157 C7 50 5B         [ 1]  314 	ld	0x505b, a
                                    315 ;	../STM8S_StdPeriph_Driver/src/stm8s_flash_private.c: 260: FLASH->NCR2 &= (uint8_t)(~FLASH_NCR2_NFPRG);
      00015A 72 19 50 5C      [ 1]  316 	bres	0x505c, #4
                                    317 ;	../STM8S_StdPeriph_Driver/src/stm8s_flash_private.c: 264: for(Count = 0; Count < FLASH_BLOCK_SIZE; Count++)
      00015E                        318 00134$:
      00015E 5F               [ 1]  319 	clrw	x
      00015F                        320 00108$:
                                    321 ;	../STM8S_StdPeriph_Driver/src/stm8s_flash_private.c: 266: *((PointerAttr uint8_t*) (MemoryAddressCast)startaddress + Count) = ((uint8_t)(Buffer[Count]));
      00015F 16 07            [ 2]  322 	ldw	y, (0x07, sp)
      000161 17 09            [ 2]  323 	ldw	(0x09, sp), y
      000163 9F               [ 1]  324 	ld	a, xl
      000164 1B 0A            [ 1]  325 	add	a, (0x0a, sp)
      000166 6B 0C            [ 1]  326 	ld	(0x0c, sp), a
      000168 4F               [ 1]  327 	clr	a
      000169 19 09            [ 1]  328 	adc	a, (0x09, sp)
      00016B 6B 0B            [ 1]  329 	ld	(0x0b, sp), a
      00016D 90 93            [ 1]  330 	ldw	y, x
      00016F 72 F9 12         [ 2]  331 	addw	y, (0x12, sp)
      000172 90 F6            [ 1]  332 	ld	a, (y)
      000174 16 0B            [ 2]  333 	ldw	y, (0x0b, sp)
      000176 90 F7            [ 1]  334 	ld	(y), a
                                    335 ;	../STM8S_StdPeriph_Driver/src/stm8s_flash_private.c: 264: for(Count = 0; Count < FLASH_BLOCK_SIZE; Count++)
      000178 5C               [ 1]  336 	incw	x
      000179 A3 00 80         [ 2]  337 	cpw	x, #0x0080
      00017C 25 E1            [ 1]  338 	jrc	00108$
                                    339 ;	../STM8S_StdPeriph_Driver/src/stm8s_flash_private.c: 268: }
      00017E 1E 0F            [ 2]  340 	ldw	x, (15, sp)
      000180 5B 13            [ 2]  341 	addw	sp, #19
      000182 FC               [ 2]  342 	jp	(x)
                                    343 	.area CODE
                                    344 	.area CONST
                                    345 	.area CONST
      000000                        346 ___str_0:
      000000 2E 2E 2F 53 54 4D 38   347 	.ascii "../STM8S_StdPeriph_Driver/src/stm8s_flash_private.c"
             53 5F 53 74 64 50 65
             72 69 70 68 5F 44 72
             69 76 65 72 2F 73 72
             63 2F 73 74 6D 38 73
             5F 66 6C 61 73 68 5F
             70 72 69 76 61 74 65
             2E 63
      000033 00                     348 	.db 0x00
                                    349 	.area CODE
                                    350 	.area INITIALIZER
                                    351 	.area CABS (ABS)
