                                      1 ;--------------------------------------------------------
                                      2 ; File Created by SDCC : free open source ISO C Compiler 
                                      3 ; Version 4.4.0 #14620 (Linux)
                                      4 ;--------------------------------------------------------
                                      5 	.module stm8s_tim3_CCxCmd
                                      6 	.optsdcc -mstm8
                                      7 	
                                      8 ;--------------------------------------------------------
                                      9 ; Public variables in this module
                                     10 ;--------------------------------------------------------
                                     11 	.globl _assert_failed
                                     12 	.globl _TIM3_CCxCmd
                                     13 ;--------------------------------------------------------
                                     14 ; ram data
                                     15 ;--------------------------------------------------------
                                     16 	.area DATA
                                     17 ;--------------------------------------------------------
                                     18 ; ram data
                                     19 ;--------------------------------------------------------
                                     20 	.area INITIALIZED
                                     21 ;--------------------------------------------------------
                                     22 ; absolute external ram data
                                     23 ;--------------------------------------------------------
                                     24 	.area DABS (ABS)
                                     25 
                                     26 ; default segment ordering for linker
                                     27 	.area HOME
                                     28 	.area GSINIT
                                     29 	.area GSFINAL
                                     30 	.area CONST
                                     31 	.area INITIALIZER
                                     32 	.area CODE
                                     33 
                                     34 ;--------------------------------------------------------
                                     35 ; global & static initialisations
                                     36 ;--------------------------------------------------------
                                     37 	.area HOME
                                     38 	.area GSINIT
                                     39 	.area GSFINAL
                                     40 	.area GSINIT
                                     41 ;--------------------------------------------------------
                                     42 ; Home
                                     43 ;--------------------------------------------------------
                                     44 	.area HOME
                                     45 	.area HOME
                                     46 ;--------------------------------------------------------
                                     47 ; code
                                     48 ;--------------------------------------------------------
                                     49 	.area CODE
                                     50 ;	../STM8S_StdPeriph_Driver/src/stm8s_tim3_CCxCmd.c: 52: void TIM3_CCxCmd(TIM3_Channel_TypeDef TIM3_Channel, FunctionalState NewState)
                                     51 ;	-----------------------------------------
                                     52 ;	 function TIM3_CCxCmd
                                     53 ;	-----------------------------------------
      000000                         54 _TIM3_CCxCmd:
      000000 88               [ 1]   55 	push	a
                                     56 ;	../STM8S_StdPeriph_Driver/src/stm8s_tim3_CCxCmd.c: 55: assert_param(IS_TIM3_CHANNEL_OK(TIM3_Channel));
      000001 6B 01            [ 1]   57 	ld	(0x01, sp), a
      000003 27 10            [ 1]   58 	jreq	00113$
      000005 0D 01            [ 1]   59 	tnz	(0x01, sp)
      000007 26 0C            [ 1]   60 	jrne	00113$
      000009 4B 37            [ 1]   61 	push	#0x37
      00000B 5F               [ 1]   62 	clrw	x
      00000C 89               [ 2]   63 	pushw	x
      00000D 4B 00            [ 1]   64 	push	#0x00
      00000F AEr00r00         [ 2]   65 	ldw	x, #(___str_0+0)
      000012 CDr00r00         [ 4]   66 	call	_assert_failed
      000015                         67 00113$:
                                     68 ;	../STM8S_StdPeriph_Driver/src/stm8s_tim3_CCxCmd.c: 56: assert_param(IS_FUNCTIONALSTATE_OK(NewState));
      000015 0D 04            [ 1]   69 	tnz	(0x04, sp)
      000017 27 10            [ 1]   70 	jreq	00118$
      000019 0D 04            [ 1]   71 	tnz	(0x04, sp)
      00001B 26 0C            [ 1]   72 	jrne	00118$
      00001D 4B 38            [ 1]   73 	push	#0x38
      00001F 5F               [ 1]   74 	clrw	x
      000020 89               [ 2]   75 	pushw	x
      000021 4B 00            [ 1]   76 	push	#0x00
      000023 AEr00r00         [ 2]   77 	ldw	x, #(___str_0+0)
      000026 CDr00r00         [ 4]   78 	call	_assert_failed
      000029                         79 00118$:
                                     80 ;	../STM8S_StdPeriph_Driver/src/stm8s_tim3_CCxCmd.c: 63: TIM3->CCER1 |= TIM3_CCER1_CC1E;
      000029 C6 53 27         [ 1]   81 	ld	a, 0x5327
                                     82 ;	../STM8S_StdPeriph_Driver/src/stm8s_tim3_CCxCmd.c: 58: if (TIM3_Channel == TIM3_CHANNEL_1)
      00002C 0D 01            [ 1]   83 	tnz	(0x01, sp)
      00002E 26 12            [ 1]   84 	jrne	00108$
                                     85 ;	../STM8S_StdPeriph_Driver/src/stm8s_tim3_CCxCmd.c: 61: if (NewState != DISABLE)
      000030 0D 04            [ 1]   86 	tnz	(0x04, sp)
      000032 27 07            [ 1]   87 	jreq	00102$
                                     88 ;	../STM8S_StdPeriph_Driver/src/stm8s_tim3_CCxCmd.c: 63: TIM3->CCER1 |= TIM3_CCER1_CC1E;
      000034 AA 01            [ 1]   89 	or	a, #0x01
      000036 C7 53 27         [ 1]   90 	ld	0x5327, a
      000039 20 17            [ 2]   91 	jra	00110$
      00003B                         92 00102$:
                                     93 ;	../STM8S_StdPeriph_Driver/src/stm8s_tim3_CCxCmd.c: 67: TIM3->CCER1 &= (uint8_t)(~TIM3_CCER1_CC1E);
      00003B A4 FE            [ 1]   94 	and	a, #0xfe
      00003D C7 53 27         [ 1]   95 	ld	0x5327, a
      000040 20 10            [ 2]   96 	jra	00110$
      000042                         97 00108$:
                                     98 ;	../STM8S_StdPeriph_Driver/src/stm8s_tim3_CCxCmd.c: 74: if (NewState != DISABLE)
      000042 0D 04            [ 1]   99 	tnz	(0x04, sp)
      000044 27 07            [ 1]  100 	jreq	00105$
                                    101 ;	../STM8S_StdPeriph_Driver/src/stm8s_tim3_CCxCmd.c: 76: TIM3->CCER1 |= TIM3_CCER1_CC2E;
      000046 AA 10            [ 1]  102 	or	a, #0x10
      000048 C7 53 27         [ 1]  103 	ld	0x5327, a
      00004B 20 05            [ 2]  104 	jra	00110$
      00004D                        105 00105$:
                                    106 ;	../STM8S_StdPeriph_Driver/src/stm8s_tim3_CCxCmd.c: 80: TIM3->CCER1 &= (uint8_t)(~TIM3_CCER1_CC2E);
      00004D A4 EF            [ 1]  107 	and	a, #0xef
      00004F C7 53 27         [ 1]  108 	ld	0x5327, a
      000052                        109 00110$:
                                    110 ;	../STM8S_StdPeriph_Driver/src/stm8s_tim3_CCxCmd.c: 83: }
      000052 84               [ 1]  111 	pop	a
      000053 85               [ 2]  112 	popw	x
      000054 84               [ 1]  113 	pop	a
      000055 FC               [ 2]  114 	jp	(x)
                                    115 	.area CODE
                                    116 	.area CONST
                                    117 	.area CONST
      000000                        118 ___str_0:
      000000 2E 2E 2F 53 54 4D 38   119 	.ascii "../STM8S_StdPeriph_Driver/src/stm8s_tim3_CCxCmd.c"
             53 5F 53 74 64 50 65
             72 69 70 68 5F 44 72
             69 76 65 72 2F 73 72
             63 2F 73 74 6D 38 73
             5F 74 69 6D 33 5F 43
             43 78 43 6D 64 2E 63
      000031 00                     120 	.db 0x00
                                    121 	.area CODE
                                    122 	.area INITIALIZER
                                    123 	.area CABS (ABS)
