                                      1 ;--------------------------------------------------------
                                      2 ; File Created by SDCC : free open source ISO C Compiler 
                                      3 ; Version 4.4.0 #14620 (Linux)
                                      4 ;--------------------------------------------------------
                                      5 	.module stm8s_tim2_ICInit
                                      6 	.optsdcc -mstm8
                                      7 	
                                      8 ;--------------------------------------------------------
                                      9 ; Public variables in this module
                                     10 ;--------------------------------------------------------
                                     11 	.globl _TIM2_TI3_Config
                                     12 	.globl _TIM2_TI2_Config
                                     13 	.globl _TIM2_TI1_Config
                                     14 	.globl _TIM2_SetIC3Prescaler
                                     15 	.globl _TIM2_SetIC2Prescaler
                                     16 	.globl _TIM2_SetIC1Prescaler
                                     17 	.globl _assert_failed
                                     18 	.globl _TIM2_ICInit
                                     19 ;--------------------------------------------------------
                                     20 ; ram data
                                     21 ;--------------------------------------------------------
                                     22 	.area DATA
                                     23 ;--------------------------------------------------------
                                     24 ; ram data
                                     25 ;--------------------------------------------------------
                                     26 	.area INITIALIZED
                                     27 ;--------------------------------------------------------
                                     28 ; absolute external ram data
                                     29 ;--------------------------------------------------------
                                     30 	.area DABS (ABS)
                                     31 
                                     32 ; default segment ordering for linker
                                     33 	.area HOME
                                     34 	.area GSINIT
                                     35 	.area GSFINAL
                                     36 	.area CONST
                                     37 	.area INITIALIZER
                                     38 	.area CODE
                                     39 
                                     40 ;--------------------------------------------------------
                                     41 ; global & static initialisations
                                     42 ;--------------------------------------------------------
                                     43 	.area HOME
                                     44 	.area GSINIT
                                     45 	.area GSFINAL
                                     46 	.area GSINIT
                                     47 ;--------------------------------------------------------
                                     48 ; Home
                                     49 ;--------------------------------------------------------
                                     50 	.area HOME
                                     51 	.area HOME
                                     52 ;--------------------------------------------------------
                                     53 ; code
                                     54 ;--------------------------------------------------------
                                     55 	.area CODE
                                     56 ;	../STM8S_StdPeriph_Driver/src/stm8s_tim2_ICInit.c: 51: void TIM2_ICInit(TIM2_Channel_TypeDef TIM2_Channel,
                                     57 ;	-----------------------------------------
                                     58 ;	 function TIM2_ICInit
                                     59 ;	-----------------------------------------
      000000                         60 _TIM2_ICInit:
      000000 89               [ 2]   61 	pushw	x
                                     62 ;	../STM8S_StdPeriph_Driver/src/stm8s_tim2_ICInit.c: 58: assert_param(IS_TIM2_CHANNEL_OK(TIM2_Channel));
      000001 6B 02            [ 1]   63 	ld	(0x02, sp), a
      000003 4A               [ 1]   64 	dec	a
      000004 26 05            [ 1]   65 	jrne	00249$
      000006 A6 01            [ 1]   66 	ld	a, #0x01
      000008 6B 01            [ 1]   67 	ld	(0x01, sp), a
      00000A C5                      68 	.byte 0xc5
      00000B                         69 00249$:
      00000B 0F 01            [ 1]   70 	clr	(0x01, sp)
      00000D                         71 00250$:
      00000D 0D 02            [ 1]   72 	tnz	(0x02, sp)
      00000F 27 16            [ 1]   73 	jreq	00110$
      000011 0D 01            [ 1]   74 	tnz	(0x01, sp)
      000013 26 12            [ 1]   75 	jrne	00110$
      000015 7B 02            [ 1]   76 	ld	a, (0x02, sp)
      000017 A1 02            [ 1]   77 	cp	a, #0x02
      000019 27 0C            [ 1]   78 	jreq	00110$
      00001B 4B 3A            [ 1]   79 	push	#0x3a
      00001D 5F               [ 1]   80 	clrw	x
      00001E 89               [ 2]   81 	pushw	x
      00001F 4B 00            [ 1]   82 	push	#0x00
      000021 AEr00r00         [ 2]   83 	ldw	x, #(___str_0+0)
      000024 CDr00r00         [ 4]   84 	call	_assert_failed
      000027                         85 00110$:
                                     86 ;	../STM8S_StdPeriph_Driver/src/stm8s_tim2_ICInit.c: 59: assert_param(IS_TIM2_IC_POLARITY_OK(TIM2_ICPolarity));
      000027 0D 05            [ 1]   87 	tnz	(0x05, sp)
      000029 27 12            [ 1]   88 	jreq	00118$
      00002B 7B 05            [ 1]   89 	ld	a, (0x05, sp)
      00002D A1 44            [ 1]   90 	cp	a, #0x44
      00002F 27 0C            [ 1]   91 	jreq	00118$
      000031 4B 3B            [ 1]   92 	push	#0x3b
      000033 5F               [ 1]   93 	clrw	x
      000034 89               [ 2]   94 	pushw	x
      000035 4B 00            [ 1]   95 	push	#0x00
      000037 AEr00r00         [ 2]   96 	ldw	x, #(___str_0+0)
      00003A CDr00r00         [ 4]   97 	call	_assert_failed
      00003D                         98 00118$:
                                     99 ;	../STM8S_StdPeriph_Driver/src/stm8s_tim2_ICInit.c: 60: assert_param(IS_TIM2_IC_SELECTION_OK(TIM2_ICSelection));
      00003D 7B 06            [ 1]  100 	ld	a, (0x06, sp)
      00003F 4A               [ 1]  101 	dec	a
      000040 27 18            [ 1]  102 	jreq	00123$
      000042 7B 06            [ 1]  103 	ld	a, (0x06, sp)
      000044 A1 02            [ 1]  104 	cp	a, #0x02
      000046 27 12            [ 1]  105 	jreq	00123$
      000048 7B 06            [ 1]  106 	ld	a, (0x06, sp)
      00004A A1 03            [ 1]  107 	cp	a, #0x03
      00004C 27 0C            [ 1]  108 	jreq	00123$
      00004E 4B 3C            [ 1]  109 	push	#0x3c
      000050 5F               [ 1]  110 	clrw	x
      000051 89               [ 2]  111 	pushw	x
      000052 4B 00            [ 1]  112 	push	#0x00
      000054 AEr00r00         [ 2]  113 	ldw	x, #(___str_0+0)
      000057 CDr00r00         [ 4]  114 	call	_assert_failed
      00005A                        115 00123$:
                                    116 ;	../STM8S_StdPeriph_Driver/src/stm8s_tim2_ICInit.c: 61: assert_param(IS_TIM2_IC_PRESCALER_OK(TIM2_ICPrescaler));
      00005A 0D 07            [ 1]  117 	tnz	(0x07, sp)
      00005C 27 1E            [ 1]  118 	jreq	00131$
      00005E 7B 07            [ 1]  119 	ld	a, (0x07, sp)
      000060 A1 04            [ 1]  120 	cp	a, #0x04
      000062 27 18            [ 1]  121 	jreq	00131$
      000064 7B 07            [ 1]  122 	ld	a, (0x07, sp)
      000066 A1 08            [ 1]  123 	cp	a, #0x08
      000068 27 12            [ 1]  124 	jreq	00131$
      00006A 7B 07            [ 1]  125 	ld	a, (0x07, sp)
      00006C A1 0C            [ 1]  126 	cp	a, #0x0c
      00006E 27 0C            [ 1]  127 	jreq	00131$
      000070 4B 3D            [ 1]  128 	push	#0x3d
      000072 5F               [ 1]  129 	clrw	x
      000073 89               [ 2]  130 	pushw	x
      000074 4B 00            [ 1]  131 	push	#0x00
      000076 AEr00r00         [ 2]  132 	ldw	x, #(___str_0+0)
      000079 CDr00r00         [ 4]  133 	call	_assert_failed
      00007C                        134 00131$:
                                    135 ;	../STM8S_StdPeriph_Driver/src/stm8s_tim2_ICInit.c: 62: assert_param(IS_TIM2_IC_FILTER_OK(TIM2_ICFilter));
      00007C 7B 08            [ 1]  136 	ld	a, (0x08, sp)
      00007E A1 0F            [ 1]  137 	cp	a, #0x0f
      000080 23 0C            [ 2]  138 	jrule	00142$
      000082 4B 3E            [ 1]  139 	push	#0x3e
      000084 5F               [ 1]  140 	clrw	x
      000085 89               [ 2]  141 	pushw	x
      000086 4B 00            [ 1]  142 	push	#0x00
      000088 AEr00r00         [ 2]  143 	ldw	x, #(___str_0+0)
      00008B CDr00r00         [ 4]  144 	call	_assert_failed
      00008E                        145 00142$:
                                    146 ;	../STM8S_StdPeriph_Driver/src/stm8s_tim2_ICInit.c: 64: if (TIM2_Channel == TIM2_CHANNEL_1)
      00008E 0D 02            [ 1]  147 	tnz	(0x02, sp)
      000090 26 12            [ 1]  148 	jrne	00105$
                                    149 ;	../STM8S_StdPeriph_Driver/src/stm8s_tim2_ICInit.c: 67: TIM2_TI1_Config((uint8_t)TIM2_ICPolarity,
      000092 7B 08            [ 1]  150 	ld	a, (0x08, sp)
      000094 88               [ 1]  151 	push	a
      000095 7B 07            [ 1]  152 	ld	a, (0x07, sp)
      000097 88               [ 1]  153 	push	a
      000098 7B 07            [ 1]  154 	ld	a, (0x07, sp)
      00009A CDr00r00         [ 4]  155 	call	_TIM2_TI1_Config
                                    156 ;	../STM8S_StdPeriph_Driver/src/stm8s_tim2_ICInit.c: 72: TIM2_SetIC1Prescaler(TIM2_ICPrescaler);
      00009D 7B 07            [ 1]  157 	ld	a, (0x07, sp)
      00009F CDr00r00         [ 4]  158 	call	_TIM2_SetIC1Prescaler
      0000A2 20 26            [ 2]  159 	jra	00107$
      0000A4                        160 00105$:
                                    161 ;	../STM8S_StdPeriph_Driver/src/stm8s_tim2_ICInit.c: 74: else if (TIM2_Channel == TIM2_CHANNEL_2)
      0000A4 7B 01            [ 1]  162 	ld	a, (0x01, sp)
      0000A6 27 12            [ 1]  163 	jreq	00102$
                                    164 ;	../STM8S_StdPeriph_Driver/src/stm8s_tim2_ICInit.c: 77: TIM2_TI2_Config((uint8_t)TIM2_ICPolarity,
      0000A8 7B 08            [ 1]  165 	ld	a, (0x08, sp)
      0000AA 88               [ 1]  166 	push	a
      0000AB 7B 07            [ 1]  167 	ld	a, (0x07, sp)
      0000AD 88               [ 1]  168 	push	a
      0000AE 7B 07            [ 1]  169 	ld	a, (0x07, sp)
      0000B0 CDr00r00         [ 4]  170 	call	_TIM2_TI2_Config
                                    171 ;	../STM8S_StdPeriph_Driver/src/stm8s_tim2_ICInit.c: 82: TIM2_SetIC2Prescaler(TIM2_ICPrescaler);
      0000B3 7B 07            [ 1]  172 	ld	a, (0x07, sp)
      0000B5 CDr00r00         [ 4]  173 	call	_TIM2_SetIC2Prescaler
      0000B8 20 10            [ 2]  174 	jra	00107$
      0000BA                        175 00102$:
                                    176 ;	../STM8S_StdPeriph_Driver/src/stm8s_tim2_ICInit.c: 87: TIM2_TI3_Config((uint8_t)TIM2_ICPolarity,
      0000BA 7B 08            [ 1]  177 	ld	a, (0x08, sp)
      0000BC 88               [ 1]  178 	push	a
      0000BD 7B 07            [ 1]  179 	ld	a, (0x07, sp)
      0000BF 88               [ 1]  180 	push	a
      0000C0 7B 07            [ 1]  181 	ld	a, (0x07, sp)
      0000C2 CDr00r00         [ 4]  182 	call	_TIM2_TI3_Config
                                    183 ;	../STM8S_StdPeriph_Driver/src/stm8s_tim2_ICInit.c: 92: TIM2_SetIC3Prescaler(TIM2_ICPrescaler);
      0000C5 7B 07            [ 1]  184 	ld	a, (0x07, sp)
      0000C7 CDr00r00         [ 4]  185 	call	_TIM2_SetIC3Prescaler
      0000CA                        186 00107$:
                                    187 ;	../STM8S_StdPeriph_Driver/src/stm8s_tim2_ICInit.c: 94: }
      0000CA 1E 03            [ 2]  188 	ldw	x, (3, sp)
      0000CC 5B 08            [ 2]  189 	addw	sp, #8
      0000CE FC               [ 2]  190 	jp	(x)
                                    191 	.area CODE
                                    192 	.area CONST
                                    193 	.area CONST
      000000                        194 ___str_0:
      000000 2E 2E 2F 53 54 4D 38   195 	.ascii "../STM8S_StdPeriph_Driver/src/stm8s_tim2_ICInit.c"
             53 5F 53 74 64 50 65
             72 69 70 68 5F 44 72
             69 76 65 72 2F 73 72
             63 2F 73 74 6D 38 73
             5F 74 69 6D 32 5F 49
             43 49 6E 69 74 2E 63
      000031 00                     196 	.db 0x00
                                    197 	.area CODE
                                    198 	.area INITIALIZER
                                    199 	.area CABS (ABS)
