                                      1 ;--------------------------------------------------------
                                      2 ; File Created by SDCC : free open source ISO C Compiler 
                                      3 ; Version 4.4.0 #14620 (Linux)
                                      4 ;--------------------------------------------------------
                                      5 	.module stm8s_flash_ReadOptionByte
                                      6 	.optsdcc -mstm8
                                      7 	
                                      8 ;--------------------------------------------------------
                                      9 ; Public variables in this module
                                     10 ;--------------------------------------------------------
                                     11 	.globl _assert_failed
                                     12 	.globl _FLASH_ReadOptionByte
                                     13 ;--------------------------------------------------------
                                     14 ; ram data
                                     15 ;--------------------------------------------------------
                                     16 	.area DATA
                                     17 ;--------------------------------------------------------
                                     18 ; ram data
                                     19 ;--------------------------------------------------------
                                     20 	.area INITIALIZED
                                     21 ;--------------------------------------------------------
                                     22 ; absolute external ram data
                                     23 ;--------------------------------------------------------
                                     24 	.area DABS (ABS)
                                     25 
                                     26 ; default segment ordering for linker
                                     27 	.area HOME
                                     28 	.area GSINIT
                                     29 	.area GSFINAL
                                     30 	.area CONST
                                     31 	.area INITIALIZER
                                     32 	.area CODE
                                     33 
                                     34 ;--------------------------------------------------------
                                     35 ; global & static initialisations
                                     36 ;--------------------------------------------------------
                                     37 	.area HOME
                                     38 	.area GSINIT
                                     39 	.area GSFINAL
                                     40 	.area GSINIT
                                     41 ;--------------------------------------------------------
                                     42 ; Home
                                     43 ;--------------------------------------------------------
                                     44 	.area HOME
                                     45 	.area HOME
                                     46 ;--------------------------------------------------------
                                     47 ; code
                                     48 ;--------------------------------------------------------
                                     49 	.area CODE
                                     50 ;	../STM8S_StdPeriph_Driver/src/stm8s_flash_ReadOptionByte.c: 47: uint16_t FLASH_ReadOptionByte(uint16_t Address)
                                     51 ;	-----------------------------------------
                                     52 ;	 function FLASH_ReadOptionByte
                                     53 ;	-----------------------------------------
      000000                         54 _FLASH_ReadOptionByte:
      000000 89               [ 2]   55 	pushw	x
      000001 51               [ 1]   56 	exgw	x, y
                                     57 ;	../STM8S_StdPeriph_Driver/src/stm8s_flash_ReadOptionByte.c: 53: assert_param(IS_OPTION_BYTE_ADDRESS_OK(Address));
      000002 90 A3 48 00      [ 2]   58 	cpw	y, #0x4800
      000006 25 06            [ 1]   59 	jrc	00109$
      000008 90 A3 48 7F      [ 2]   60 	cpw	y, #0x487f
      00000C 23 10            [ 2]   61 	jrule	00110$
      00000E                         62 00109$:
      00000E 90 89            [ 2]   63 	pushw	y
      000010 4B 35            [ 1]   64 	push	#0x35
      000012 5F               [ 1]   65 	clrw	x
      000013 89               [ 2]   66 	pushw	x
      000014 4B 00            [ 1]   67 	push	#0x00
      000016 AEr00r00         [ 2]   68 	ldw	x, #(___str_0+0)
      000019 CDr00r00         [ 4]   69 	call	_assert_failed
      00001C 90 85            [ 2]   70 	popw	y
      00001E                         71 00110$:
                                     72 ;	../STM8S_StdPeriph_Driver/src/stm8s_flash_ReadOptionByte.c: 55: value_optbyte = *((NEAR uint8_t*)Address); /* Read option byte */
      00001E 93               [ 1]   73 	ldw	x, y
      00001F F6               [ 1]   74 	ld	a, (x)
      000020 6B 01            [ 1]   75 	ld	(0x01, sp), a
                                     76 ;	../STM8S_StdPeriph_Driver/src/stm8s_flash_ReadOptionByte.c: 56: value_optbyte_complement = *(((NEAR uint8_t*)Address) + 1); /* Read option byte complement */
      000022 E6 01            [ 1]   77 	ld	a, (0x1, x)
      000024 6B 02            [ 1]   78 	ld	(0x02, sp), a
                                     79 ;	../STM8S_StdPeriph_Driver/src/stm8s_flash_ReadOptionByte.c: 59: if(Address == 0x4800)	 
                                     80 ;	../STM8S_StdPeriph_Driver/src/stm8s_flash_ReadOptionByte.c: 61: res_value =	 value_optbyte;
      000026 5F               [ 1]   81 	clrw	x
      000027 7B 01            [ 1]   82 	ld	a, (0x01, sp)
      000029 97               [ 1]   83 	ld	xl, a
                                     84 ;	../STM8S_StdPeriph_Driver/src/stm8s_flash_ReadOptionByte.c: 59: if(Address == 0x4800)	 
      00002A 90 A3 48 00      [ 2]   85 	cpw	y, #0x4800
      00002E 27 14            [ 1]   86 	jreq	00106$
                                     87 ;	../STM8S_StdPeriph_Driver/src/stm8s_flash_ReadOptionByte.c: 61: res_value =	 value_optbyte;
                                     88 ;	../STM8S_StdPeriph_Driver/src/stm8s_flash_ReadOptionByte.c: 65: if(value_optbyte == (uint8_t)(~value_optbyte_complement))
      000030 7B 02            [ 1]   89 	ld	a, (0x02, sp)
      000032 43               [ 1]   90 	cpl	a
      000033 11 01            [ 1]   91 	cp	a, (0x01, sp)
      000035 26 0A            [ 1]   92 	jrne	00102$
                                     93 ;	../STM8S_StdPeriph_Driver/src/stm8s_flash_ReadOptionByte.c: 67: res_value = (uint16_t)((uint16_t)value_optbyte << 8);
      000037 4F               [ 1]   94 	clr	a
      000038 02               [ 1]   95 	rlwa	x
                                     96 ;	../STM8S_StdPeriph_Driver/src/stm8s_flash_ReadOptionByte.c: 68: res_value = res_value | (uint16_t)value_optbyte_complement;
      000039 7B 02            [ 1]   97 	ld	a, (0x02, sp)
      00003B 0F 01            [ 1]   98 	clr	(0x01, sp)
      00003D 89               [ 2]   99 	pushw	x
      00003E 85               [ 2]  100 	popw	x
      00003F 97               [ 1]  101 	ld	xl, a
                                    102 ;	../STM8S_StdPeriph_Driver/src/stm8s_flash_ReadOptionByte.c: 72: res_value = FLASH_OPTIONBYTE_ERROR;
      000040 BC                     103 	.byte 0xbc
      000041                        104 00102$:
      000041 AE 55 55         [ 2]  105 	ldw	x, #0x5555
      000044                        106 00106$:
                                    107 ;	../STM8S_StdPeriph_Driver/src/stm8s_flash_ReadOptionByte.c: 75: return(res_value);
                                    108 ;	../STM8S_StdPeriph_Driver/src/stm8s_flash_ReadOptionByte.c: 76: }
      000044 5B 02            [ 2]  109 	addw	sp, #2
      000046 81               [ 4]  110 	ret
                                    111 	.area CODE
                                    112 	.area CONST
                                    113 	.area CONST
      000000                        114 ___str_0:
      000000 2E 2E 2F 53 54 4D 38   115 	.ascii "../STM8S_StdPeriph_Driver/src/stm8s_flash_ReadOptionByte.c"
             53 5F 53 74 64 50 65
             72 69 70 68 5F 44 72
             69 76 65 72 2F 73 72
             63 2F 73 74 6D 38 73
             5F 66 6C 61 73 68 5F
             52 65 61 64 4F 70 74
             69 6F 6E 42 79 74 65
             2E 63
      00003A 00                     116 	.db 0x00
                                    117 	.area CODE
                                    118 	.area INITIALIZER
                                    119 	.area CABS (ABS)
