                                      1 ;--------------------------------------------------------
                                      2 ; File Created by SDCC : free open source ISO C Compiler 
                                      3 ; Version 4.4.0 #14620 (Linux)
                                      4 ;--------------------------------------------------------
                                      5 	.module stm8s_tim2_GetFlagStatus
                                      6 	.optsdcc -mstm8
                                      7 	
                                      8 ;--------------------------------------------------------
                                      9 ; Public variables in this module
                                     10 ;--------------------------------------------------------
                                     11 	.globl _assert_failed
                                     12 	.globl _TIM2_GetFlagStatus
                                     13 ;--------------------------------------------------------
                                     14 ; ram data
                                     15 ;--------------------------------------------------------
                                     16 	.area DATA
                                     17 ;--------------------------------------------------------
                                     18 ; ram data
                                     19 ;--------------------------------------------------------
                                     20 	.area INITIALIZED
                                     21 ;--------------------------------------------------------
                                     22 ; absolute external ram data
                                     23 ;--------------------------------------------------------
                                     24 	.area DABS (ABS)
                                     25 
                                     26 ; default segment ordering for linker
                                     27 	.area HOME
                                     28 	.area GSINIT
                                     29 	.area GSFINAL
                                     30 	.area CONST
                                     31 	.area INITIALIZER
                                     32 	.area CODE
                                     33 
                                     34 ;--------------------------------------------------------
                                     35 ; global & static initialisations
                                     36 ;--------------------------------------------------------
                                     37 	.area HOME
                                     38 	.area GSINIT
                                     39 	.area GSFINAL
                                     40 	.area GSINIT
                                     41 ;--------------------------------------------------------
                                     42 ; Home
                                     43 ;--------------------------------------------------------
                                     44 	.area HOME
                                     45 	.area HOME
                                     46 ;--------------------------------------------------------
                                     47 ; code
                                     48 ;--------------------------------------------------------
                                     49 	.area CODE
                                     50 ;	../STM8S_StdPeriph_Driver/src/stm8s_tim2_GetFlagStatus.c: 55: FlagStatus TIM2_GetFlagStatus(TIM2_FLAG_TypeDef TIM2_FLAG)
                                     51 ;	-----------------------------------------
                                     52 ;	 function TIM2_GetFlagStatus
                                     53 ;	-----------------------------------------
      000000                         54 _TIM2_GetFlagStatus:
      000000 52 03            [ 2]   55 	sub	sp, #3
                                     56 ;	../STM8S_StdPeriph_Driver/src/stm8s_tim2_GetFlagStatus.c: 61: assert_param(IS_TIM2_GET_FLAG_OK(TIM2_FLAG));
      000002 1F 02            [ 2]   57 	ldw	(0x02, sp), x
      000004 A3 00 01         [ 2]   58 	cpw	x, #0x0001
      000007 27 2E            [ 1]   59 	jreq	00107$
      000009 A3 00 02         [ 2]   60 	cpw	x, #0x0002
      00000C 27 29            [ 1]   61 	jreq	00107$
      00000E A3 00 04         [ 2]   62 	cpw	x, #0x0004
      000011 27 24            [ 1]   63 	jreq	00107$
      000013 A3 00 08         [ 2]   64 	cpw	x, #0x0008
      000016 27 1F            [ 1]   65 	jreq	00107$
      000018 A3 02 00         [ 2]   66 	cpw	x, #0x0200
      00001B 27 1A            [ 1]   67 	jreq	00107$
      00001D A3 04 00         [ 2]   68 	cpw	x, #0x0400
      000020 27 15            [ 1]   69 	jreq	00107$
      000022 A3 08 00         [ 2]   70 	cpw	x, #0x0800
      000025 27 10            [ 1]   71 	jreq	00107$
      000027 89               [ 2]   72 	pushw	x
      000028 4B 3D            [ 1]   73 	push	#0x3d
      00002A 4B 00            [ 1]   74 	push	#0x00
      00002C 4B 00            [ 1]   75 	push	#0x00
      00002E 4B 00            [ 1]   76 	push	#0x00
      000030 AEr00r00         [ 2]   77 	ldw	x, #(___str_0+0)
      000033 CDr00r00         [ 4]   78 	call	_assert_failed
      000036 85               [ 2]   79 	popw	x
      000037                         80 00107$:
                                     81 ;	../STM8S_StdPeriph_Driver/src/stm8s_tim2_GetFlagStatus.c: 63: tim2_flag_l = (uint8_t)(TIM2->SR1 & (uint8_t)TIM2_FLAG);
      000037 C6 53 02         [ 1]   82 	ld	a, 0x5302
      00003A 6B 01            [ 1]   83 	ld	(0x01, sp), a
      00003C 7B 03            [ 1]   84 	ld	a, (0x03, sp)
      00003E 14 01            [ 1]   85 	and	a, (0x01, sp)
      000040 6B 01            [ 1]   86 	ld	(0x01, sp), a
                                     87 ;	../STM8S_StdPeriph_Driver/src/stm8s_tim2_GetFlagStatus.c: 64: tim2_flag_h = (uint8_t)((uint16_t)TIM2_FLAG >> 8);
                                     88 ;	../STM8S_StdPeriph_Driver/src/stm8s_tim2_GetFlagStatus.c: 66: if ((tim2_flag_l | (uint8_t)(TIM2->SR2 & tim2_flag_h)) != (uint8_t)RESET )
      000042 C6 53 03         [ 1]   89 	ld	a, 0x5303
      000045 89               [ 2]   90 	pushw	x
      000046 14 01            [ 1]   91 	and	a, (1, sp)
      000048 85               [ 2]   92 	popw	x
      000049 1A 01            [ 1]   93 	or	a, (0x01, sp)
      00004B 27 03            [ 1]   94 	jreq	00102$
                                     95 ;	../STM8S_StdPeriph_Driver/src/stm8s_tim2_GetFlagStatus.c: 68: bitstatus = SET;
      00004D A6 01            [ 1]   96 	ld	a, #0x01
                                     97 ;	../STM8S_StdPeriph_Driver/src/stm8s_tim2_GetFlagStatus.c: 72: bitstatus = RESET;
      00004F 21                      98 	.byte 0x21
      000050                         99 00102$:
      000050 4F               [ 1]  100 	clr	a
      000051                        101 00103$:
                                    102 ;	../STM8S_StdPeriph_Driver/src/stm8s_tim2_GetFlagStatus.c: 74: return (FlagStatus)bitstatus;
                                    103 ;	../STM8S_StdPeriph_Driver/src/stm8s_tim2_GetFlagStatus.c: 75: }
      000051 5B 03            [ 2]  104 	addw	sp, #3
      000053 81               [ 4]  105 	ret
                                    106 	.area CODE
                                    107 	.area CONST
                                    108 	.area CONST
      000000                        109 ___str_0:
      000000 2E 2E 2F 53 54 4D 38   110 	.ascii "../STM8S_StdPeriph_Driver/src/stm8s_tim2_GetFlagStatus.c"
             53 5F 53 74 64 50 65
             72 69 70 68 5F 44 72
             69 76 65 72 2F 73 72
             63 2F 73 74 6D 38 73
             5F 74 69 6D 32 5F 47
             65 74 46 6C 61 67 53
             74 61 74 75 73 2E 63
      000038 00                     111 	.db 0x00
                                    112 	.area CODE
                                    113 	.area INITIALIZER
                                    114 	.area CABS (ABS)
