                                      1 ;--------------------------------------------------------
                                      2 ; File Created by SDCC : free open source ISO C Compiler 
                                      3 ; Version 4.4.0 #14620 (Linux)
                                      4 ;--------------------------------------------------------
                                      5 	.module stm8s_tim2_PWMIConfig
                                      6 	.optsdcc -mstm8
                                      7 	
                                      8 ;--------------------------------------------------------
                                      9 ; Public variables in this module
                                     10 ;--------------------------------------------------------
                                     11 	.globl _TIM2_TI2_Config
                                     12 	.globl _TIM2_TI1_Config
                                     13 	.globl _TIM2_SetIC2Prescaler
                                     14 	.globl _TIM2_SetIC1Prescaler
                                     15 	.globl _assert_failed
                                     16 	.globl _TIM2_PWMIConfig
                                     17 ;--------------------------------------------------------
                                     18 ; ram data
                                     19 ;--------------------------------------------------------
                                     20 	.area DATA
                                     21 ;--------------------------------------------------------
                                     22 ; ram data
                                     23 ;--------------------------------------------------------
                                     24 	.area INITIALIZED
                                     25 ;--------------------------------------------------------
                                     26 ; absolute external ram data
                                     27 ;--------------------------------------------------------
                                     28 	.area DABS (ABS)
                                     29 
                                     30 ; default segment ordering for linker
                                     31 	.area HOME
                                     32 	.area GSINIT
                                     33 	.area GSFINAL
                                     34 	.area CONST
                                     35 	.area INITIALIZER
                                     36 	.area CODE
                                     37 
                                     38 ;--------------------------------------------------------
                                     39 ; global & static initialisations
                                     40 ;--------------------------------------------------------
                                     41 	.area HOME
                                     42 	.area GSINIT
                                     43 	.area GSFINAL
                                     44 	.area GSINIT
                                     45 ;--------------------------------------------------------
                                     46 ; Home
                                     47 ;--------------------------------------------------------
                                     48 	.area HOME
                                     49 	.area HOME
                                     50 ;--------------------------------------------------------
                                     51 ; code
                                     52 ;--------------------------------------------------------
                                     53 	.area CODE
                                     54 ;	../STM8S_StdPeriph_Driver/src/stm8s_tim2_PWMIConfig.c: 51: void TIM2_PWMIConfig(TIM2_Channel_TypeDef TIM2_Channel,
                                     55 ;	-----------------------------------------
                                     56 ;	 function TIM2_PWMIConfig
                                     57 ;	-----------------------------------------
      000000                         58 _TIM2_PWMIConfig:
      000000 52 03            [ 2]   59 	sub	sp, #3
                                     60 ;	../STM8S_StdPeriph_Driver/src/stm8s_tim2_PWMIConfig.c: 61: assert_param(IS_TIM2_PWMI_CHANNEL_OK(TIM2_Channel));
      000002 6B 03            [ 1]   61 	ld	(0x03, sp), a
      000004 27 11            [ 1]   62 	jreq	00113$
      000006 7B 03            [ 1]   63 	ld	a, (0x03, sp)
      000008 4A               [ 1]   64 	dec	a
      000009 27 0C            [ 1]   65 	jreq	00113$
      00000B 4B 3D            [ 1]   66 	push	#0x3d
      00000D 5F               [ 1]   67 	clrw	x
      00000E 89               [ 2]   68 	pushw	x
      00000F 4B 00            [ 1]   69 	push	#0x00
      000011 AEr00r00         [ 2]   70 	ldw	x, #(___str_0+0)
      000014 CDr00r00         [ 4]   71 	call	_assert_failed
      000017                         72 00113$:
                                     73 ;	../STM8S_StdPeriph_Driver/src/stm8s_tim2_PWMIConfig.c: 62: assert_param(IS_TIM2_IC_POLARITY_OK(TIM2_ICPolarity));
      000017 7B 06            [ 1]   74 	ld	a, (0x06, sp)
      000019 A0 44            [ 1]   75 	sub	a, #0x44
      00001B 26 04            [ 1]   76 	jrne	00244$
      00001D 4C               [ 1]   77 	inc	a
      00001E 6B 01            [ 1]   78 	ld	(0x01, sp), a
      000020 C5                      79 	.byte 0xc5
      000021                         80 00244$:
      000021 0F 01            [ 1]   81 	clr	(0x01, sp)
      000023                         82 00245$:
      000023 0D 06            [ 1]   83 	tnz	(0x06, sp)
      000025 27 10            [ 1]   84 	jreq	00118$
      000027 0D 01            [ 1]   85 	tnz	(0x01, sp)
      000029 26 0C            [ 1]   86 	jrne	00118$
      00002B 4B 3E            [ 1]   87 	push	#0x3e
      00002D 5F               [ 1]   88 	clrw	x
      00002E 89               [ 2]   89 	pushw	x
      00002F 4B 00            [ 1]   90 	push	#0x00
      000031 AEr00r00         [ 2]   91 	ldw	x, #(___str_0+0)
      000034 CDr00r00         [ 4]   92 	call	_assert_failed
      000037                         93 00118$:
                                     94 ;	../STM8S_StdPeriph_Driver/src/stm8s_tim2_PWMIConfig.c: 63: assert_param(IS_TIM2_IC_SELECTION_OK(TIM2_ICSelection));
      000037 7B 07            [ 1]   95 	ld	a, (0x07, sp)
      000039 4A               [ 1]   96 	dec	a
      00003A 26 05            [ 1]   97 	jrne	00249$
      00003C A6 01            [ 1]   98 	ld	a, #0x01
      00003E 6B 02            [ 1]   99 	ld	(0x02, sp), a
      000040 C5                     100 	.byte 0xc5
      000041                        101 00249$:
      000041 0F 02            [ 1]  102 	clr	(0x02, sp)
      000043                        103 00250$:
      000043 0D 02            [ 1]  104 	tnz	(0x02, sp)
      000045 26 18            [ 1]  105 	jrne	00123$
      000047 7B 07            [ 1]  106 	ld	a, (0x07, sp)
      000049 A1 02            [ 1]  107 	cp	a, #0x02
      00004B 27 12            [ 1]  108 	jreq	00123$
      00004D 7B 07            [ 1]  109 	ld	a, (0x07, sp)
      00004F A1 03            [ 1]  110 	cp	a, #0x03
      000051 27 0C            [ 1]  111 	jreq	00123$
      000053 4B 3F            [ 1]  112 	push	#0x3f
      000055 5F               [ 1]  113 	clrw	x
      000056 89               [ 2]  114 	pushw	x
      000057 4B 00            [ 1]  115 	push	#0x00
      000059 AEr00r00         [ 2]  116 	ldw	x, #(___str_0+0)
      00005C CDr00r00         [ 4]  117 	call	_assert_failed
      00005F                        118 00123$:
                                    119 ;	../STM8S_StdPeriph_Driver/src/stm8s_tim2_PWMIConfig.c: 64: assert_param(IS_TIM2_IC_PRESCALER_OK(TIM2_ICPrescaler));
      00005F 0D 08            [ 1]  120 	tnz	(0x08, sp)
      000061 27 1E            [ 1]  121 	jreq	00131$
      000063 7B 08            [ 1]  122 	ld	a, (0x08, sp)
      000065 A1 04            [ 1]  123 	cp	a, #0x04
      000067 27 18            [ 1]  124 	jreq	00131$
      000069 7B 08            [ 1]  125 	ld	a, (0x08, sp)
      00006B A1 08            [ 1]  126 	cp	a, #0x08
      00006D 27 12            [ 1]  127 	jreq	00131$
      00006F 7B 08            [ 1]  128 	ld	a, (0x08, sp)
      000071 A1 0C            [ 1]  129 	cp	a, #0x0c
      000073 27 0C            [ 1]  130 	jreq	00131$
      000075 4B 40            [ 1]  131 	push	#0x40
      000077 5F               [ 1]  132 	clrw	x
      000078 89               [ 2]  133 	pushw	x
      000079 4B 00            [ 1]  134 	push	#0x00
      00007B AEr00r00         [ 2]  135 	ldw	x, #(___str_0+0)
      00007E CDr00r00         [ 4]  136 	call	_assert_failed
      000081                        137 00131$:
                                    138 ;	../STM8S_StdPeriph_Driver/src/stm8s_tim2_PWMIConfig.c: 67: if (TIM2_ICPolarity != TIM2_ICPOLARITY_FALLING)
      000081 0D 01            [ 1]  139 	tnz	(0x01, sp)
      000083 26 05            [ 1]  140 	jrne	00102$
                                    141 ;	../STM8S_StdPeriph_Driver/src/stm8s_tim2_PWMIConfig.c: 69: icpolarity = (uint8_t)TIM2_ICPOLARITY_FALLING;
      000085 A6 44            [ 1]  142 	ld	a, #0x44
      000087 6B 01            [ 1]  143 	ld	(0x01, sp), a
                                    144 ;	../STM8S_StdPeriph_Driver/src/stm8s_tim2_PWMIConfig.c: 73: icpolarity = (uint8_t)TIM2_ICPOLARITY_RISING;
      000089 C5                     145 	.byte 0xc5
      00008A                        146 00102$:
      00008A 0F 01            [ 1]  147 	clr	(0x01, sp)
      00008C                        148 00103$:
                                    149 ;	../STM8S_StdPeriph_Driver/src/stm8s_tim2_PWMIConfig.c: 77: if (TIM2_ICSelection == TIM2_ICSELECTION_DIRECTTI)
      00008C 7B 02            [ 1]  150 	ld	a, (0x02, sp)
      00008E 27 06            [ 1]  151 	jreq	00105$
                                    152 ;	../STM8S_StdPeriph_Driver/src/stm8s_tim2_PWMIConfig.c: 79: icselection = (uint8_t)TIM2_ICSELECTION_INDIRECTTI;
      000090 A6 02            [ 1]  153 	ld	a, #0x02
      000092 6B 02            [ 1]  154 	ld	(0x02, sp), a
      000094 20 04            [ 2]  155 	jra	00106$
      000096                        156 00105$:
                                    157 ;	../STM8S_StdPeriph_Driver/src/stm8s_tim2_PWMIConfig.c: 83: icselection = (uint8_t)TIM2_ICSELECTION_DIRECTTI;
      000096 A6 01            [ 1]  158 	ld	a, #0x01
      000098 6B 02            [ 1]  159 	ld	(0x02, sp), a
      00009A                        160 00106$:
                                    161 ;	../STM8S_StdPeriph_Driver/src/stm8s_tim2_PWMIConfig.c: 86: if (TIM2_Channel == TIM2_CHANNEL_1)
      00009A 0D 03            [ 1]  162 	tnz	(0x03, sp)
      00009C 26 22            [ 1]  163 	jrne	00108$
                                    164 ;	../STM8S_StdPeriph_Driver/src/stm8s_tim2_PWMIConfig.c: 89: TIM2_TI1_Config((uint8_t)TIM2_ICPolarity, (uint8_t)TIM2_ICSelection,
      00009E 7B 09            [ 1]  165 	ld	a, (0x09, sp)
      0000A0 88               [ 1]  166 	push	a
      0000A1 7B 08            [ 1]  167 	ld	a, (0x08, sp)
      0000A3 88               [ 1]  168 	push	a
      0000A4 7B 08            [ 1]  169 	ld	a, (0x08, sp)
      0000A6 CDr00r00         [ 4]  170 	call	_TIM2_TI1_Config
                                    171 ;	../STM8S_StdPeriph_Driver/src/stm8s_tim2_PWMIConfig.c: 93: TIM2_SetIC1Prescaler(TIM2_ICPrescaler);
      0000A9 7B 08            [ 1]  172 	ld	a, (0x08, sp)
      0000AB CDr00r00         [ 4]  173 	call	_TIM2_SetIC1Prescaler
                                    174 ;	../STM8S_StdPeriph_Driver/src/stm8s_tim2_PWMIConfig.c: 96: TIM2_TI2_Config(icpolarity, icselection, TIM2_ICFilter);
      0000AE 7B 09            [ 1]  175 	ld	a, (0x09, sp)
      0000B0 88               [ 1]  176 	push	a
      0000B1 7B 03            [ 1]  177 	ld	a, (0x03, sp)
      0000B3 88               [ 1]  178 	push	a
      0000B4 7B 03            [ 1]  179 	ld	a, (0x03, sp)
      0000B6 CDr00r00         [ 4]  180 	call	_TIM2_TI2_Config
                                    181 ;	../STM8S_StdPeriph_Driver/src/stm8s_tim2_PWMIConfig.c: 99: TIM2_SetIC2Prescaler(TIM2_ICPrescaler);
      0000B9 7B 08            [ 1]  182 	ld	a, (0x08, sp)
      0000BB CDr00r00         [ 4]  183 	call	_TIM2_SetIC2Prescaler
      0000BE 20 20            [ 2]  184 	jra	00110$
      0000C0                        185 00108$:
                                    186 ;	../STM8S_StdPeriph_Driver/src/stm8s_tim2_PWMIConfig.c: 104: TIM2_TI2_Config((uint8_t)TIM2_ICPolarity, (uint8_t)TIM2_ICSelection,
      0000C0 7B 09            [ 1]  187 	ld	a, (0x09, sp)
      0000C2 88               [ 1]  188 	push	a
      0000C3 7B 08            [ 1]  189 	ld	a, (0x08, sp)
      0000C5 88               [ 1]  190 	push	a
      0000C6 7B 08            [ 1]  191 	ld	a, (0x08, sp)
      0000C8 CDr00r00         [ 4]  192 	call	_TIM2_TI2_Config
                                    193 ;	../STM8S_StdPeriph_Driver/src/stm8s_tim2_PWMIConfig.c: 108: TIM2_SetIC2Prescaler(TIM2_ICPrescaler);
      0000CB 7B 08            [ 1]  194 	ld	a, (0x08, sp)
      0000CD CDr00r00         [ 4]  195 	call	_TIM2_SetIC2Prescaler
                                    196 ;	../STM8S_StdPeriph_Driver/src/stm8s_tim2_PWMIConfig.c: 111: TIM2_TI1_Config((uint8_t)icpolarity, icselection, (uint8_t)TIM2_ICFilter);
      0000D0 7B 09            [ 1]  197 	ld	a, (0x09, sp)
      0000D2 88               [ 1]  198 	push	a
      0000D3 7B 03            [ 1]  199 	ld	a, (0x03, sp)
      0000D5 88               [ 1]  200 	push	a
      0000D6 7B 03            [ 1]  201 	ld	a, (0x03, sp)
      0000D8 CDr00r00         [ 4]  202 	call	_TIM2_TI1_Config
                                    203 ;	../STM8S_StdPeriph_Driver/src/stm8s_tim2_PWMIConfig.c: 114: TIM2_SetIC1Prescaler(TIM2_ICPrescaler);
      0000DB 7B 08            [ 1]  204 	ld	a, (0x08, sp)
      0000DD CDr00r00         [ 4]  205 	call	_TIM2_SetIC1Prescaler
      0000E0                        206 00110$:
                                    207 ;	../STM8S_StdPeriph_Driver/src/stm8s_tim2_PWMIConfig.c: 116: }
      0000E0 1E 04            [ 2]  208 	ldw	x, (4, sp)
      0000E2 5B 09            [ 2]  209 	addw	sp, #9
      0000E4 FC               [ 2]  210 	jp	(x)
                                    211 	.area CODE
                                    212 	.area CONST
                                    213 	.area CONST
      000000                        214 ___str_0:
      000000 2E 2E 2F 53 54 4D 38   215 	.ascii "../STM8S_StdPeriph_Driver/src/stm8s_tim2_PWMIConfig.c"
             53 5F 53 74 64 50 65
             72 69 70 68 5F 44 72
             69 76 65 72 2F 73 72
             63 2F 73 74 6D 38 73
             5F 74 69 6D 32 5F 50
             57 4D 49 43 6F 6E 66
             69 67 2E 63
      000035 00                     216 	.db 0x00
                                    217 	.area CODE
                                    218 	.area INITIALIZER
                                    219 	.area CABS (ABS)
