                                      1 ;--------------------------------------------------------
                                      2 ; File Created by SDCC : free open source ISO C Compiler 
                                      3 ; Version 4.4.0 #14620 (Linux)
                                      4 ;--------------------------------------------------------
                                      5 	.module stm8s_tim1_SetIC3Prescaler
                                      6 	.optsdcc -mstm8
                                      7 	
                                      8 ;--------------------------------------------------------
                                      9 ; Public variables in this module
                                     10 ;--------------------------------------------------------
                                     11 	.globl _assert_failed
                                     12 	.globl _TIM1_SetIC3Prescaler
                                     13 ;--------------------------------------------------------
                                     14 ; ram data
                                     15 ;--------------------------------------------------------
                                     16 	.area DATA
                                     17 ;--------------------------------------------------------
                                     18 ; ram data
                                     19 ;--------------------------------------------------------
                                     20 	.area INITIALIZED
                                     21 ;--------------------------------------------------------
                                     22 ; absolute external ram data
                                     23 ;--------------------------------------------------------
                                     24 	.area DABS (ABS)
                                     25 
                                     26 ; default segment ordering for linker
                                     27 	.area HOME
                                     28 	.area GSINIT
                                     29 	.area GSFINAL
                                     30 	.area CONST
                                     31 	.area INITIALIZER
                                     32 	.area CODE
                                     33 
                                     34 ;--------------------------------------------------------
                                     35 ; global & static initialisations
                                     36 ;--------------------------------------------------------
                                     37 	.area HOME
                                     38 	.area GSINIT
                                     39 	.area GSFINAL
                                     40 	.area GSINIT
                                     41 ;--------------------------------------------------------
                                     42 ; Home
                                     43 ;--------------------------------------------------------
                                     44 	.area HOME
                                     45 	.area HOME
                                     46 ;--------------------------------------------------------
                                     47 ; code
                                     48 ;--------------------------------------------------------
                                     49 	.area CODE
                                     50 ;	../STM8S_StdPeriph_Driver/src/stm8s_tim1_SetIC3Prescaler.c: 52: void TIM1_SetIC3Prescaler(TIM1_ICPSC_TypeDef TIM1_IC3Prescaler)
                                     51 ;	-----------------------------------------
                                     52 ;	 function TIM1_SetIC3Prescaler
                                     53 ;	-----------------------------------------
      000000                         54 _TIM1_SetIC3Prescaler:
      000000 88               [ 1]   55 	push	a
                                     56 ;	../STM8S_StdPeriph_Driver/src/stm8s_tim1_SetIC3Prescaler.c: 56: assert_param(IS_TIM1_IC_PRESCALER_OK(TIM1_IC3Prescaler));
      000001 6B 01            [ 1]   57 	ld	(0x01, sp), a
      000003 27 1E            [ 1]   58 	jreq	00104$
      000005 7B 01            [ 1]   59 	ld	a, (0x01, sp)
      000007 A1 04            [ 1]   60 	cp	a, #0x04
      000009 27 18            [ 1]   61 	jreq	00104$
      00000B 7B 01            [ 1]   62 	ld	a, (0x01, sp)
      00000D A1 08            [ 1]   63 	cp	a, #0x08
      00000F 27 12            [ 1]   64 	jreq	00104$
      000011 7B 01            [ 1]   65 	ld	a, (0x01, sp)
      000013 A1 0C            [ 1]   66 	cp	a, #0x0c
      000015 27 0C            [ 1]   67 	jreq	00104$
      000017 4B 38            [ 1]   68 	push	#0x38
      000019 5F               [ 1]   69 	clrw	x
      00001A 89               [ 2]   70 	pushw	x
      00001B 4B 00            [ 1]   71 	push	#0x00
      00001D AEr00r00         [ 2]   72 	ldw	x, #(___str_0+0)
      000020 CDr00r00         [ 4]   73 	call	_assert_failed
      000023                         74 00104$:
                                     75 ;	../STM8S_StdPeriph_Driver/src/stm8s_tim1_SetIC3Prescaler.c: 59: TIM1->CCMR3 = (uint8_t)((uint8_t)(TIM1->CCMR3 & (uint8_t)(~TIM1_CCMR_ICxPSC)) | 
      000023 C6 52 5A         [ 1]   76 	ld	a, 0x525a
      000026 A4 F3            [ 1]   77 	and	a, #0xf3
                                     78 ;	../STM8S_StdPeriph_Driver/src/stm8s_tim1_SetIC3Prescaler.c: 60: (uint8_t)TIM1_IC3Prescaler);
      000028 1A 01            [ 1]   79 	or	a, (0x01, sp)
      00002A C7 52 5A         [ 1]   80 	ld	0x525a, a
                                     81 ;	../STM8S_StdPeriph_Driver/src/stm8s_tim1_SetIC3Prescaler.c: 61: }
      00002D 84               [ 1]   82 	pop	a
      00002E 81               [ 4]   83 	ret
                                     84 	.area CODE
                                     85 	.area CONST
                                     86 	.area CONST
      000000                         87 ___str_0:
      000000 2E 2E 2F 53 54 4D 38    88 	.ascii "../STM8S_StdPeriph_Driver/src/stm8s_tim1_SetIC3Prescaler.c"
             53 5F 53 74 64 50 65
             72 69 70 68 5F 44 72
             69 76 65 72 2F 73 72
             63 2F 73 74 6D 38 73
             5F 74 69 6D 31 5F 53
             65 74 49 43 33 50 72
             65 73 63 61 6C 65 72
             2E 63
      00003A 00                      89 	.db 0x00
                                     90 	.area CODE
                                     91 	.area INITIALIZER
                                     92 	.area CABS (ABS)
