                                      1 ;--------------------------------------------------------
                                      2 ; File Created by SDCC : free open source ISO C Compiler 
                                      3 ; Version 4.4.0 #14620 (Linux)
                                      4 ;--------------------------------------------------------
                                      5 	.module stm8s_tim1_OC3Init
                                      6 	.optsdcc -mstm8
                                      7 	
                                      8 ;--------------------------------------------------------
                                      9 ; Public variables in this module
                                     10 ;--------------------------------------------------------
                                     11 	.globl _assert_failed
                                     12 	.globl _TIM1_OC3Init
                                     13 ;--------------------------------------------------------
                                     14 ; ram data
                                     15 ;--------------------------------------------------------
                                     16 	.area DATA
                                     17 ;--------------------------------------------------------
                                     18 ; ram data
                                     19 ;--------------------------------------------------------
                                     20 	.area INITIALIZED
                                     21 ;--------------------------------------------------------
                                     22 ; absolute external ram data
                                     23 ;--------------------------------------------------------
                                     24 	.area DABS (ABS)
                                     25 
                                     26 ; default segment ordering for linker
                                     27 	.area HOME
                                     28 	.area GSINIT
                                     29 	.area GSFINAL
                                     30 	.area CONST
                                     31 	.area INITIALIZER
                                     32 	.area CODE
                                     33 
                                     34 ;--------------------------------------------------------
                                     35 ; global & static initialisations
                                     36 ;--------------------------------------------------------
                                     37 	.area HOME
                                     38 	.area GSINIT
                                     39 	.area GSFINAL
                                     40 	.area GSINIT
                                     41 ;--------------------------------------------------------
                                     42 ; Home
                                     43 ;--------------------------------------------------------
                                     44 	.area HOME
                                     45 	.area HOME
                                     46 ;--------------------------------------------------------
                                     47 ; code
                                     48 ;--------------------------------------------------------
                                     49 	.area CODE
                                     50 ;	../STM8S_StdPeriph_Driver/src/stm8s_tim1_OC3Init.c: 61: void TIM1_OC3Init(TIM1_OCMode_TypeDef TIM1_OCMode,
                                     51 ;	-----------------------------------------
                                     52 ;	 function TIM1_OC3Init
                                     53 ;	-----------------------------------------
      000000                         54 _TIM1_OC3Init:
      000000 52 04            [ 2]   55 	sub	sp, #4
                                     56 ;	../STM8S_StdPeriph_Driver/src/stm8s_tim1_OC3Init.c: 71: assert_param(IS_TIM1_OC_MODE_OK(TIM1_OCMode));
      000002 6B 04            [ 1]   57 	ld	(0x04, sp), a
      000004 27 2A            [ 1]   58 	jreq	00104$
      000006 7B 04            [ 1]   59 	ld	a, (0x04, sp)
      000008 A1 10            [ 1]   60 	cp	a, #0x10
      00000A 27 24            [ 1]   61 	jreq	00104$
      00000C 7B 04            [ 1]   62 	ld	a, (0x04, sp)
      00000E A1 20            [ 1]   63 	cp	a, #0x20
      000010 27 1E            [ 1]   64 	jreq	00104$
      000012 7B 04            [ 1]   65 	ld	a, (0x04, sp)
      000014 A1 30            [ 1]   66 	cp	a, #0x30
      000016 27 18            [ 1]   67 	jreq	00104$
      000018 7B 04            [ 1]   68 	ld	a, (0x04, sp)
      00001A A1 60            [ 1]   69 	cp	a, #0x60
      00001C 27 12            [ 1]   70 	jreq	00104$
      00001E 7B 04            [ 1]   71 	ld	a, (0x04, sp)
      000020 A1 70            [ 1]   72 	cp	a, #0x70
      000022 27 0C            [ 1]   73 	jreq	00104$
      000024 4B 47            [ 1]   74 	push	#0x47
      000026 5F               [ 1]   75 	clrw	x
      000027 89               [ 2]   76 	pushw	x
      000028 4B 00            [ 1]   77 	push	#0x00
      00002A AEr00r00         [ 2]   78 	ldw	x, #(___str_0+0)
      00002D CDr00r00         [ 4]   79 	call	_assert_failed
      000030                         80 00104$:
                                     81 ;	../STM8S_StdPeriph_Driver/src/stm8s_tim1_OC3Init.c: 72: assert_param(IS_TIM1_OUTPUT_STATE_OK(TIM1_OutputState));
      000030 0D 07            [ 1]   82 	tnz	(0x07, sp)
      000032 27 12            [ 1]   83 	jreq	00121$
      000034 7B 07            [ 1]   84 	ld	a, (0x07, sp)
      000036 A1 11            [ 1]   85 	cp	a, #0x11
      000038 27 0C            [ 1]   86 	jreq	00121$
      00003A 4B 48            [ 1]   87 	push	#0x48
      00003C 5F               [ 1]   88 	clrw	x
      00003D 89               [ 2]   89 	pushw	x
      00003E 4B 00            [ 1]   90 	push	#0x00
      000040 AEr00r00         [ 2]   91 	ldw	x, #(___str_0+0)
      000043 CDr00r00         [ 4]   92 	call	_assert_failed
      000046                         93 00121$:
                                     94 ;	../STM8S_StdPeriph_Driver/src/stm8s_tim1_OC3Init.c: 73: assert_param(IS_TIM1_OUTPUTN_STATE_OK(TIM1_OutputNState));
      000046 0D 08            [ 1]   95 	tnz	(0x08, sp)
      000048 27 12            [ 1]   96 	jreq	00126$
      00004A 7B 08            [ 1]   97 	ld	a, (0x08, sp)
      00004C A1 44            [ 1]   98 	cp	a, #0x44
      00004E 27 0C            [ 1]   99 	jreq	00126$
      000050 4B 49            [ 1]  100 	push	#0x49
      000052 5F               [ 1]  101 	clrw	x
      000053 89               [ 2]  102 	pushw	x
      000054 4B 00            [ 1]  103 	push	#0x00
      000056 AEr00r00         [ 2]  104 	ldw	x, #(___str_0+0)
      000059 CDr00r00         [ 4]  105 	call	_assert_failed
      00005C                        106 00126$:
                                    107 ;	../STM8S_StdPeriph_Driver/src/stm8s_tim1_OC3Init.c: 74: assert_param(IS_TIM1_OC_POLARITY_OK(TIM1_OCPolarity));
      00005C 0D 0B            [ 1]  108 	tnz	(0x0b, sp)
      00005E 27 12            [ 1]  109 	jreq	00131$
      000060 7B 0B            [ 1]  110 	ld	a, (0x0b, sp)
      000062 A1 22            [ 1]  111 	cp	a, #0x22
      000064 27 0C            [ 1]  112 	jreq	00131$
      000066 4B 4A            [ 1]  113 	push	#0x4a
      000068 5F               [ 1]  114 	clrw	x
      000069 89               [ 2]  115 	pushw	x
      00006A 4B 00            [ 1]  116 	push	#0x00
      00006C AEr00r00         [ 2]  117 	ldw	x, #(___str_0+0)
      00006F CDr00r00         [ 4]  118 	call	_assert_failed
      000072                        119 00131$:
                                    120 ;	../STM8S_StdPeriph_Driver/src/stm8s_tim1_OC3Init.c: 75: assert_param(IS_TIM1_OCN_POLARITY_OK(TIM1_OCNPolarity));
      000072 0D 0C            [ 1]  121 	tnz	(0x0c, sp)
      000074 27 12            [ 1]  122 	jreq	00136$
      000076 7B 0C            [ 1]  123 	ld	a, (0x0c, sp)
      000078 A1 88            [ 1]  124 	cp	a, #0x88
      00007A 27 0C            [ 1]  125 	jreq	00136$
      00007C 4B 4B            [ 1]  126 	push	#0x4b
      00007E 5F               [ 1]  127 	clrw	x
      00007F 89               [ 2]  128 	pushw	x
      000080 4B 00            [ 1]  129 	push	#0x00
      000082 AEr00r00         [ 2]  130 	ldw	x, #(___str_0+0)
      000085 CDr00r00         [ 4]  131 	call	_assert_failed
      000088                        132 00136$:
                                    133 ;	../STM8S_StdPeriph_Driver/src/stm8s_tim1_OC3Init.c: 76: assert_param(IS_TIM1_OCIDLE_STATE_OK(TIM1_OCIdleState));
      000088 7B 0D            [ 1]  134 	ld	a, (0x0d, sp)
      00008A A1 55            [ 1]  135 	cp	a, #0x55
      00008C 27 10            [ 1]  136 	jreq	00141$
      00008E 0D 0D            [ 1]  137 	tnz	(0x0d, sp)
      000090 27 0C            [ 1]  138 	jreq	00141$
      000092 4B 4C            [ 1]  139 	push	#0x4c
      000094 5F               [ 1]  140 	clrw	x
      000095 89               [ 2]  141 	pushw	x
      000096 4B 00            [ 1]  142 	push	#0x00
      000098 AEr00r00         [ 2]  143 	ldw	x, #(___str_0+0)
      00009B CDr00r00         [ 4]  144 	call	_assert_failed
      00009E                        145 00141$:
                                    146 ;	../STM8S_StdPeriph_Driver/src/stm8s_tim1_OC3Init.c: 77: assert_param(IS_TIM1_OCNIDLE_STATE_OK(TIM1_OCNIdleState));
      00009E 7B 0E            [ 1]  147 	ld	a, (0x0e, sp)
      0000A0 A1 2A            [ 1]  148 	cp	a, #0x2a
      0000A2 27 10            [ 1]  149 	jreq	00146$
      0000A4 0D 0E            [ 1]  150 	tnz	(0x0e, sp)
      0000A6 27 0C            [ 1]  151 	jreq	00146$
      0000A8 4B 4D            [ 1]  152 	push	#0x4d
      0000AA 5F               [ 1]  153 	clrw	x
      0000AB 89               [ 2]  154 	pushw	x
      0000AC 4B 00            [ 1]  155 	push	#0x00
      0000AE AEr00r00         [ 2]  156 	ldw	x, #(___str_0+0)
      0000B1 CDr00r00         [ 4]  157 	call	_assert_failed
      0000B4                        158 00146$:
                                    159 ;	../STM8S_StdPeriph_Driver/src/stm8s_tim1_OC3Init.c: 81: TIM1->CCER2 &= (uint8_t)(~( TIM1_CCER2_CC3E | TIM1_CCER2_CC3NE | 
      0000B4 C6 52 5D         [ 1]  160 	ld	a, 0x525d
      0000B7 A4 F0            [ 1]  161 	and	a, #0xf0
      0000B9 C7 52 5D         [ 1]  162 	ld	0x525d, a
                                    163 ;	../STM8S_StdPeriph_Driver/src/stm8s_tim1_OC3Init.c: 85: TIM1->CCER2 |= (uint8_t)((uint8_t)((uint8_t)(TIM1_OutputState  & TIM1_CCER2_CC3E   ) |
      0000BC C6 52 5D         [ 1]  164 	ld	a, 0x525d
      0000BF 6B 01            [ 1]  165 	ld	(0x01, sp), a
      0000C1 7B 07            [ 1]  166 	ld	a, (0x07, sp)
      0000C3 A4 01            [ 1]  167 	and	a, #0x01
      0000C5 6B 03            [ 1]  168 	ld	(0x03, sp), a
                                    169 ;	../STM8S_StdPeriph_Driver/src/stm8s_tim1_OC3Init.c: 86: (uint8_t)(TIM1_OutputNState & TIM1_CCER2_CC3NE  )) | 
      0000C7 7B 08            [ 1]  170 	ld	a, (0x08, sp)
      0000C9 A4 04            [ 1]  171 	and	a, #0x04
      0000CB 1A 03            [ 1]  172 	or	a, (0x03, sp)
      0000CD 6B 02            [ 1]  173 	ld	(0x02, sp), a
                                    174 ;	../STM8S_StdPeriph_Driver/src/stm8s_tim1_OC3Init.c: 87: (uint8_t)((uint8_t)(TIM1_OCPolarity   & TIM1_CCER2_CC3P   ) | 
      0000CF 7B 0B            [ 1]  175 	ld	a, (0x0b, sp)
      0000D1 A4 02            [ 1]  176 	and	a, #0x02
      0000D3 6B 03            [ 1]  177 	ld	(0x03, sp), a
                                    178 ;	../STM8S_StdPeriph_Driver/src/stm8s_tim1_OC3Init.c: 88: (uint8_t)(TIM1_OCNPolarity  & TIM1_CCER2_CC3NP  )));
      0000D5 7B 0C            [ 1]  179 	ld	a, (0x0c, sp)
      0000D7 A4 08            [ 1]  180 	and	a, #0x08
      0000D9 1A 03            [ 1]  181 	or	a, (0x03, sp)
      0000DB 1A 02            [ 1]  182 	or	a, (0x02, sp)
      0000DD 1A 01            [ 1]  183 	or	a, (0x01, sp)
      0000DF C7 52 5D         [ 1]  184 	ld	0x525d, a
                                    185 ;	../STM8S_StdPeriph_Driver/src/stm8s_tim1_OC3Init.c: 91: TIM1->CCMR3 = (uint8_t)((uint8_t)(TIM1->CCMR3 & (uint8_t)(~TIM1_CCMR_OCM)) | 
      0000E2 C6 52 5A         [ 1]  186 	ld	a, 0x525a
      0000E5 A4 8F            [ 1]  187 	and	a, #0x8f
                                    188 ;	../STM8S_StdPeriph_Driver/src/stm8s_tim1_OC3Init.c: 92: (uint8_t)TIM1_OCMode);
      0000E7 1A 04            [ 1]  189 	or	a, (0x04, sp)
      0000E9 C7 52 5A         [ 1]  190 	ld	0x525a, a
                                    191 ;	../STM8S_StdPeriph_Driver/src/stm8s_tim1_OC3Init.c: 95: TIM1->OISR &= (uint8_t)(~(TIM1_OISR_OIS3 | TIM1_OISR_OIS3N));
      0000EC C6 52 6F         [ 1]  192 	ld	a, 0x526f
      0000EF A4 CF            [ 1]  193 	and	a, #0xcf
      0000F1 C7 52 6F         [ 1]  194 	ld	0x526f, a
                                    195 ;	../STM8S_StdPeriph_Driver/src/stm8s_tim1_OC3Init.c: 97: TIM1->OISR |= (uint8_t)((uint8_t)(TIM1_OISR_OIS3 & TIM1_OCIdleState) | 
      0000F4 C6 52 6F         [ 1]  196 	ld	a, 0x526f
      0000F7 6B 02            [ 1]  197 	ld	(0x02, sp), a
      0000F9 7B 0D            [ 1]  198 	ld	a, (0x0d, sp)
      0000FB A4 10            [ 1]  199 	and	a, #0x10
      0000FD 6B 03            [ 1]  200 	ld	(0x03, sp), a
                                    201 ;	../STM8S_StdPeriph_Driver/src/stm8s_tim1_OC3Init.c: 98: (uint8_t)(TIM1_OISR_OIS3N & TIM1_OCNIdleState));
      0000FF 7B 0E            [ 1]  202 	ld	a, (0x0e, sp)
      000101 A4 20            [ 1]  203 	and	a, #0x20
      000103 1A 03            [ 1]  204 	or	a, (0x03, sp)
      000105 1A 02            [ 1]  205 	or	a, (0x02, sp)
      000107 C7 52 6F         [ 1]  206 	ld	0x526f, a
                                    207 ;	../STM8S_StdPeriph_Driver/src/stm8s_tim1_OC3Init.c: 101: TIM1->CCR3H = (uint8_t)(TIM1_Pulse >> 8);
      00010A 7B 09            [ 1]  208 	ld	a, (0x09, sp)
      00010C C7 52 69         [ 1]  209 	ld	0x5269, a
                                    210 ;	../STM8S_StdPeriph_Driver/src/stm8s_tim1_OC3Init.c: 102: TIM1->CCR3L = (uint8_t)(TIM1_Pulse);
      00010F 7B 0A            [ 1]  211 	ld	a, (0x0a, sp)
      000111 C7 52 6A         [ 1]  212 	ld	0x526a, a
                                    213 ;	../STM8S_StdPeriph_Driver/src/stm8s_tim1_OC3Init.c: 103: }
      000114 1E 05            [ 2]  214 	ldw	x, (5, sp)
      000116 5B 0E            [ 2]  215 	addw	sp, #14
      000118 FC               [ 2]  216 	jp	(x)
                                    217 	.area CODE
                                    218 	.area CONST
                                    219 	.area CONST
      000000                        220 ___str_0:
      000000 2E 2E 2F 53 54 4D 38   221 	.ascii "../STM8S_StdPeriph_Driver/src/stm8s_tim1_OC3Init.c"
             53 5F 53 74 64 50 65
             72 69 70 68 5F 44 72
             69 76 65 72 2F 73 72
             63 2F 73 74 6D 38 73
             5F 74 69 6D 31 5F 4F
             43 33 49 6E 69 74 2E
             63
      000032 00                     222 	.db 0x00
                                    223 	.area CODE
                                    224 	.area INITIALIZER
                                    225 	.area CABS (ABS)
